 testaddon

 Timestamp is 5d919199 (Mon Sep 30 14:24:41 2019)

 Preferred load address is 0000000180000000

 Start         Length     Name                   Class
 0001:00000000 000001e0H .text$di                CODE
 0001:000001e0 0001ed80H .text$mn                CODE
 0001:0001ef60 00000020H .text$mn$00             CODE
 0001:0001ef80 00000510H .text$x                 CODE
 0001:0001f490 000001a4H .text$yd                CODE
 0002:00000000 000002a8H .idata$5                DATA
 0002:000002a8 00000010H .00cfg                  DATA
 0002:000002b8 00000008H .CRT$XCA                DATA
 0002:000002c0 00000058H .CRT$XCC                DATA
 0002:00000318 00000010H .CRT$XCL                DATA
 0002:00000328 00000008H .CRT$XCU                DATA
 0002:00000330 00000008H .CRT$XCZ                DATA
 0002:00000338 00000008H .CRT$XIA                DATA
 0002:00000340 00000028H .CRT$XIC                DATA
 0002:00000368 00000008H .CRT$XIZ                DATA
 0002:00000370 00000008H .CRT$XPA                DATA
 0002:00000378 00000010H .CRT$XPX                DATA
 0002:00000388 00000008H .CRT$XPXA               DATA
 0002:00000390 00000008H .CRT$XPZ                DATA
 0002:00000398 00000008H .CRT$XTA                DATA
 0002:000003a0 00000010H .CRT$XTZ                DATA
 0002:000003a8 00000000H .gfids$y                DATA
 0002:000003b0 00010a00H .rdata                  DATA
 0002:00010db0 00000f4cH .rdata$r                DATA
 0002:00011cfc 00000404H .rdata$zzzdbg           DATA
 0002:00012100 00000008H .rtc$IAA                DATA
 0002:00012108 00000008H .rtc$IZZ                DATA
 0002:00012110 00000008H .rtc$TAA                DATA
 0002:00012118 00000008H .rtc$TZZ                DATA
 0002:00012120 00001b88H .xdata                  DATA
 0002:00013ca8 0000032cH .xdata$x                DATA
 0002:00013fd4 00000020H .didat$2                DATA
 0002:00013ff4 00000024H .didat$3                DATA
 0002:00014018 000000c8H .didat$4                DATA
 0002:000140e0 00000240H .didat$6                DATA
 0002:00014320 000000d0H .didat$7                DATA
 0002:000143f0 00000058H .edata                  DATA
 0002:00014448 00000014H .idata$2                DATA
 0002:0001445c 00000014H .idata$3                DATA
 0002:00014470 000002a8H .idata$4                DATA
 0002:00014718 0000060eH .idata$6                DATA
 0003:00000000 00000bb0H .data                   DATA
 0003:00000bb0 000005a8H .data$r                 DATA
 0003:00001158 000000c8H .didat$5                DATA
 0003:00001220 00001a98H .bss                    DATA
 0004:00000000 00001e3cH .pdata                  DATA
 0005:00000000 00000060H .rsrc$01                DATA
 0005:00000060 00000180H .rsrc$02                DATA

  Address         Publics by Value              Rva+Base               Lib:Object

 0000:00000000       __hybrid_code_map_count    0000000000000000     <absolute>
 0000:00000000       __hybrid_code_map          0000000000000000     <absolute>
 0000:00000000       __guard_longjmp_count      0000000000000000     <absolute>
 0000:00000000       __guard_iat_count          0000000000000000     <absolute>
 0000:00000000       __guard_longjmp_table      0000000000000000     <absolute>
 0000:00000000       __volatile_metadata        0000000000000000     <absolute>
 0000:00000000       __guard_iat_table          0000000000000000     <absolute>
 0000:00000000       ___safe_se_handler_count   0000000000000000     <absolute>
 0000:00000000       __guard_fids_count         0000000000000000     <absolute>
 0000:00000000       __enclave_config           0000000000000000     <absolute>
 0000:00000000       ___safe_se_handler_table   0000000000000000     <absolute>
 0000:00000000       __guard_fids_table         0000000000000000     <absolute>
 0000:00000000       __hybrid_auxiliary_iat     0000000000000000     <absolute>
 0000:00000000       __dynamic_value_reloc_table 0000000000000000     <absolute>
 0000:00000100       __guard_flags              0000000000000100     <absolute>
 0000:00000000       __ImageBase                0000000180000000     <linker-defined>
 0001:000001e0       ?InitAll@@YA?AVObject@Napi@@VEnv@2@V12@@Z 00000001800011e0 f   main.obj
 0001:00000210       ?__napi_InitAll@@YAPEAUnapi_value__@@PEAUnapi_env__@@PEAU1@@Z 0000000180001210 f   main.obj
 0001:00000270       ?what@exception@stdext@@UEBAPEBDXZ 0000000180001270 f i functionexample.obj
 0001:00000290       ?_Raise@exception@stdext@@QEBAXXZ 0000000180001290 f i functionexample.obj
 0001:000002d0       ?_Unlock@?$basic_streambuf@DU?$char_traits@D@std@@@std@@UEAAXXZ 00000001800012d0 f i libcpmt:cout.obj
 0001:000002d0       _guard_check_icall_nop     00000001800012d0 f i LIBCMT:guard_support.obj
 0001:000002d0       ?_Doraise@exception@stdext@@MEBAXXZ 00000001800012d0 f i functionexample.obj
 0001:000002d0       ?imbue@?$basic_streambuf@DU?$char_traits@D@std@@@std@@MEAAXAEBVlocale@2@@Z 00000001800012d0 f i libcpmt:cout.obj
 0001:000002d0       ?_Lock@?$basic_streambuf@DU?$char_traits@D@std@@@std@@UEAAXXZ 00000001800012d0 f i libcpmt:cout.obj
 0001:000002e0       ??_Gruntime_error@std@@UEAAPEAXI@Z 00000001800012e0 f i functionexample.obj
 0001:000002e0       ??_Eexception@stdext@@UEAAPEAXI@Z 00000001800012e0 f i * CIL library *:* CIL module *
 0001:000002e0       ??_Eruntime_error@std@@UEAAPEAXI@Z 00000001800012e0 f i * CIL library *:* CIL module *
 0001:000002e0       ??_Gexception@stdext@@UEAAPEAXI@Z 00000001800012e0 f i functionexample.obj
 0001:00000310       ??0runtime_error@std@@QEAA@PEBD@Z 0000000180001310 f i functionexample.obj
 0001:00000330       ??0_Locinfo@std@@QEAA@PEBD@Z 0000000180001330 f i functionexample.obj
 0001:000003b0       ??1_Locinfo@std@@QEAA@XZ   00000001800013b0 f i functionexample.obj
 0001:00000450       ??_E_Facet_base@std@@UEAAPEAXI@Z 0000000180001450 f i * CIL library *:* CIL module *
 0001:00000450       ??_G_Facet_base@std@@UEAAPEAXI@Z 0000000180001450 f i functionexample.obj
 0001:00000480       ?_Incref@facet@locale@std@@UEAAXXZ 0000000180001480 f i functionexample.obj
 0001:00000490       ?_Decref@facet@locale@std@@UEAAPEAV_Facet_base@3@XZ 0000000180001490 f i functionexample.obj
 0001:000004a0       ?do_tolower@?$ctype@D@std@@MEBADD@Z 00000001800014a0 f i functionexample.obj
 0001:000004b0       ?do_tolower@?$ctype@D@std@@MEBAPEBDPEADPEBD@Z 00000001800014b0 f i functionexample.obj
 0001:00000510       ?do_toupper@?$ctype@D@std@@MEBADD@Z 0000000180001510 f i functionexample.obj
 0001:00000520       ?do_toupper@?$ctype@D@std@@MEBAPEBDPEADPEBD@Z 0000000180001520 f i functionexample.obj
 0001:00000580       ?do_narrow@?$ctype@D@std@@MEBADDD@Z 0000000180001580 f i functionexample.obj
 0001:00000580       ?do_widen@?$ctype@D@std@@MEBADD@Z 0000000180001580 f i functionexample.obj
 0001:00000590       ?do_widen@?$ctype@D@std@@MEBAPEBDPEBD0PEAD@Z 0000000180001590 f i functionexample.obj
 0001:000005b0       ?do_narrow@?$ctype@D@std@@MEBAPEBDPEBD0DPEAD@Z 00000001800015b0 f i functionexample.obj
 0001:000005d0       ??_G?$ctype@D@std@@MEAAPEAXI@Z 00000001800015d0 f i functionexample.obj
 0001:000005d0       ??_E?$ctype@D@std@@MEAAPEAXI@Z 00000001800015d0 f i * CIL library *:* CIL module *
 0001:00000640       ?default_error_condition@error_category@std@@UEBA?AVerror_condition@2@H@Z 0000000180001640 f i functionexample.obj
 0001:00000650       ?equivalent@error_category@std@@UEBA_NHAEBVerror_condition@2@@Z 0000000180001650 f i functionexample.obj
 0001:00000690       ?equivalent@error_category@std@@UEBA_NAEBVerror_code@2@H@Z 0000000180001690 f i functionexample.obj
 0001:000006b0       ?make_error_code@std@@YA?AVerror_code@1@W4io_errc@1@@Z 00000001800016b0 f i functionexample.obj
 0001:00000700       ??0_System_error@std@@IEAA@Verror_code@1@AEBV?$basic_string@DU?$char_traits@D@std@@V?$allocator@D@2@@1@@Z 0000000180001700 f i functionexample.obj
 0001:00000930       ??_Esystem_error@std@@UEAAPEAXI@Z 0000000180001930 f i * CIL library *:* CIL module *
 0001:00000930       ??_E_System_error@std@@UEAAPEAXI@Z 0000000180001930 f i * CIL library *:* CIL module *
 0001:00000930       ??_Gsystem_error@std@@UEAAPEAXI@Z 0000000180001930 f i functionexample.obj
 0001:00000930       ??_Gfailure@ios_base@std@@UEAAPEAXI@Z 0000000180001930 f i functionexample.obj
 0001:00000930       ??_G_System_error@std@@UEAAPEAXI@Z 0000000180001930 f i functionexample.obj
 0001:00000930       ??_Efailure@ios_base@std@@UEAAPEAXI@Z 0000000180001930 f i * CIL library *:* CIL module *
 0001:00000960       ?name@_Iostream_error_category@std@@UEBAPEBDXZ 0000000180001960 f i functionexample.obj
 0001:00000970       ?message@_Iostream_error_category@std@@UEBA?AV?$basic_string@DU?$char_traits@D@std@@V?$allocator@D@2@@2@H@Z 0000000180001970 f i functionexample.obj
 0001:000009c0       ??_E_Iostream_error_category@std@@UEAAPEAXI@Z 00000001800019c0 f i * CIL library *:* CIL module *
 0001:000009c0       ??_G_Iostream_error_category@std@@UEAAPEAXI@Z 00000001800019c0 f i functionexample.obj
 0001:000009f0       ??0failure@ios_base@std@@QEAA@PEBDAEBVerror_code@2@@Z 00000001800019f0 f i functionexample.obj
 0001:00000aa0       ??1failure@ios_base@std@@UEAA@XZ 0000000180001aa0 f i functionexample.obj
 0001:00000ab0       ?New@Number@Napi@@SA?AV12@PEAUnapi_env__@@N@Z 0000000180001ab0 f i functionexample.obj
 0001:00000ba0       ?Int32Value@Number@Napi@@QEBAHXZ 0000000180001ba0 f i functionexample.obj
 0001:00000c90       ?New@Error@Napi@@SA?AV12@PEAUnapi_env__@@@Z 0000000180001c90 f i functionexample.obj
 0001:00000e80       ?ThrowAsJavaScriptException@Error@Napi@@QEBAXXZ 0000000180001e80 f i functionexample.obj
 0001:00001050       ??0CallbackInfo@Napi@@QEAA@PEAUnapi_env__@@PEAUnapi_callback_info__@@@Z 0000000180002050 f i functionexample.obj
 0001:00001220       ??ACallbackInfo@Napi@@QEBA?BVValue@1@_K@Z 0000000180002220 f i functionexample.obj
 0001:00001340       ?myfunctionWrapped@functionexample@@YA?AVNumber@Napi@@AEBVCallbackInfo@3@@Z 0000000180002340 f   functionexample.obj
 0001:000014c0       ?HelloWrapped@functionexample@@YA?AVString@Napi@@AEBVCallbackInfo@3@@Z 00000001800024c0 f   functionexample.obj
 0001:00001630       ?AddWrapped@functionexample@@YA?AVNumber@Napi@@AEBVCallbackInfo@3@@Z 0000000180002630 f   functionexample.obj
 0001:00001900       ?Init@functionexample@@YA?AVObject@Napi@@VEnv@3@V23@@Z 0000000180002900 f   functionexample.obj
 0001:00001ce0       ??1?$basic_string@DU?$char_traits@D@std@@V?$allocator@D@2@@std@@QEAA@XZ 0000000180002ce0 f i functionexample.obj
 0001:00001d40       ??0?$basic_string@DU?$char_traits@D@std@@V?$allocator@D@2@@std@@QEAA@QEBD@Z 0000000180002d40 f i functionexample.obj
 0001:00001eb0       ?append@?$basic_string@DU?$char_traits@D@std@@V?$allocator@D@2@@std@@QEAAAEAV12@QEBD_K@Z 0000000180002eb0 f i functionexample.obj
 0001:00001f30       ?getline@?$basic_istream@DU?$char_traits@D@std@@@std@@QEAAAEAV12@PEAD_JD@Z 0000000180002f30 f i functionexample.obj
 0001:00002250       ?widen@?$basic_ios@DU?$char_traits@D@std@@@std@@QEBADD@Z 0000000180003250 f i functionexample.obj
 0001:000022c0       ?setstate@?$basic_ios@DU?$char_traits@D@std@@@std@@QEAAXH_N@Z 00000001800032c0 f i functionexample.obj
 0001:00002340       ?flush@?$basic_ostream@DU?$char_traits@D@std@@@std@@QEAAAEAV12@XZ 0000000180003340 f i functionexample.obj
 0001:00002420       ??$use_facet@V?$ctype@D@std@@@std@@YAAEBV?$ctype@D@0@AEBVlocale@0@@Z 0000000180003420 f i functionexample.obj
 0001:00002660       ??$New@VTypeError@Napi@@@Error@Napi@@KA?AVTypeError@1@PEAUnapi_env__@@PEBD_KP6A?AW4napi_status@@0PEAUnapi_value__@@3PEAPEAU5@@Z@Z 0000000180003660 f i functionexample.obj
 0001:00002830       ??$?6U?$char_traits@D@std@@@std@@YAAEAV?$basic_ostream@DU?$char_traits@D@std@@@0@AEAV10@PEBD@Z 0000000180003830 f i functionexample.obj
 0001:00002ae0       ??$New@P6A?AVNumber@Napi@@AEBVCallbackInfo@2@@Z@Function@Napi@@SA?AV01@PEAUnapi_env__@@P6A?AVNumber@1@AEBVCallbackInfo@1@@ZPEBDPEAX@Z 0000000180003ae0 f i functionexample.obj
 0001:00002ca0       ??$_Reallocate_grow_by@V<lambda_65e615be2a453ca0576c979606f46740>@@PEBD_K@?$basic_string@DU?$char_traits@D@std@@V?$allocator@D@2@@std@@QEAAAEAV01@_KV<lambda_65e615be2a453ca0576c979606f46740>@@PEBD_K@Z 0000000180003ca0 f i functionexample.obj
 0001:00002e20       ?Wrapper@?$CallbackData@P6A?AVString@Napi@@AEBVCallbackInfo@2@@ZV12@@details@Napi@@SAPEAUnapi_value__@@PEAUnapi_env__@@PEAUnapi_callback_info__@@@Z 0000000180003e20 f i functionexample.obj
 0001:00002e20       ?Wrapper@?$CallbackData@P6A?AVNumber@Napi@@AEBVCallbackInfo@2@@ZV12@@details@Napi@@SAPEAUnapi_value__@@PEAUnapi_env__@@PEAUnapi_callback_info__@@@Z 0000000180003e20 f i functionexample.obj
 0001:00002e80       ??1?$unique_ptr@V_Facet_base@std@@U?$default_delete@V_Facet_base@std@@@2@@std@@QEAA@XZ 0000000180003e80 f i functionexample.obj
 0001:00002ea0       ?_Xlen@?$basic_string@DU?$char_traits@D@std@@V?$allocator@D@2@@std@@SAXXZ 0000000180003ea0 f i functionexample.obj
 0001:00002ec0       ?put@?$basic_ostream@DU?$char_traits@D@std@@@std@@QEAAAEAV12@D@Z 0000000180003ec0 f i functionexample.obj
 0001:00003050       ??$_Immortalize_impl@V_Iostream_error_category@std@@@std@@YAHPEAX0PEAPEAX@Z 0000000180004050 f i functionexample.obj
 0001:000030b4       __imp_load_napi_module_register 00000001800040b4 f   node:node.exe
 0001:000030c0       __tailMerge_node_exe       00000001800040c0     node:node.exe
 0001:00003139       __imp_load_napi_create_function 0000000180004139 f   node:node.exe
 0001:00003145       __imp_load_napi_open_handle_scope 0000000180004145 f   node:node.exe
 0001:00003151       __imp_load_napi_get_last_error_info 0000000180004151 f   node:node.exe
 0001:0000315d       __imp_load_napi_create_error 000000018000415d f   node:node.exe
 0001:00003169       __imp_load_napi_delete_reference 0000000180004169 f   node:node.exe
 0001:00003175       __imp_load_napi_fatal_error 0000000180004175 f   node:node.exe
 0001:00003181       __imp_load_napi_is_exception_pending 0000000180004181 f   node:node.exe
 0001:0000318d       __imp_load_napi_create_symbol 000000018000418d f   node:node.exe
 0001:00003199       __imp_load_napi_create_type_error 0000000180004199 f   node:node.exe
 0001:000031a5       __imp_load_napi_create_external 00000001800041a5 f   node:node.exe
 0001:000031b1       __imp_load_napi_create_string_utf8 00000001800041b1 f   node:node.exe
 0001:000031bd       __imp_load_napi_set_named_property 00000001800041bd f   node:node.exe
 0001:000031c9       __imp_load_napi_define_properties 00000001800041c9 f   node:node.exe
 0001:000031d5       __imp_load_napi_typeof     00000001800041d5 f   node:node.exe
 0001:000031e1       __imp_load_napi_throw      00000001800041e1 f   node:node.exe
 0001:000031ed       __imp_load_napi_get_value_int32 00000001800041ed f   node:node.exe
 0001:000031f9       __imp_load_napi_get_and_clear_last_exception 00000001800041f9 f   node:node.exe
 0001:00003205       __imp_load_napi_get_undefined 0000000180004205 f   node:node.exe
 0001:00003211       __imp_load_napi_get_cb_info 0000000180004211 f   node:node.exe
 0001:0000321d       __imp_load_napi_create_reference 000000018000421d f   node:node.exe
 0001:00003229       __imp_load_napi_close_handle_scope 0000000180004229 f   node:node.exe
 0001:00003235       __imp_load_napi_create_double 0000000180004235 f   node:node.exe
 0001:00003241       __imp_load_napi_get_reference_value 0000000180004241 f   node:node.exe
 0001:00003250       ??0_Init_locks@std@@QEAA@XZ 0000000180004250 f   libcpmt:xlock.obj
 0001:0000329c       ??0_Lockit@std@@QEAA@H@Z   000000018000429c f   libcpmt:xlock.obj
 0001:000032d8       ??1_Init_locks@std@@QEAA@XZ 00000001800042d8 f   libcpmt:xlock.obj
 0001:0000331c       ??1_Lockit@std@@QEAA@XZ    000000018000431c f   libcpmt:xlock.obj
 0001:00003350       ??0_System_error@std@@QEAA@AEBV01@@Z 0000000180004350 f i libcpmt:xonce.obj
 0001:000033a4       ??0exception@std@@QEAA@AEBV01@@Z 00000001800043a4 f i libcpmt:xonce.obj
 0001:000033dc       ??0runtime_error@std@@QEAA@AEBV01@@Z 00000001800043dc f i libcpmt:xonce.obj
 0001:0000341c       ??0system_error@std@@QEAA@AEBV01@@Z 000000018000441c f i libcpmt:xonce.obj
 0001:00003478       ??_Eexception@std@@UEAAPEAXI@Z 0000000180004478 f i libcpmt:xonce.obj
 0001:00003478       ??_Gbad_alloc@std@@UEAAPEAXI@Z 0000000180004478 f i libcpmt:xthrow.obj
 0001:00003478       ??_Gbad_exception@std@@UEAAPEAXI@Z 0000000180004478 f i libvcruntime:frame.obj
 0001:00003478       ??_Gbad_array_new_length@std@@UEAAPEAXI@Z 0000000180004478 f i LIBCMT:throw_bad_alloc.obj
 0001:00003478       ??_Gbad_cast@std@@UEAAPEAXI@Z 0000000180004478 f i libcpmt:cout.obj
 0001:00003478       ??_Ebad_alloc@std@@UEAAPEAXI@Z 0000000180004478 f i libcpmt:xthrow.obj
 0001:00003478       ??_Ebad_array_new_length@std@@UEAAPEAXI@Z 0000000180004478 f i LIBCMT:throw_bad_alloc.obj
 0001:00003478       ??_Ebad_cast@std@@UEAAPEAXI@Z 0000000180004478 f i libcpmt:cout.obj
 0001:00003478       ??_Elogic_error@std@@UEAAPEAXI@Z 0000000180004478 f i libcpmt:xthrow.obj
 0001:00003478       ??_Ebad_exception@std@@UEAAPEAXI@Z 0000000180004478 f i libvcruntime:frame.obj
 0001:00003478       ??_Glength_error@std@@UEAAPEAXI@Z 0000000180004478 f i libcpmt:xthrow.obj
 0001:00003478       ??_Glogic_error@std@@UEAAPEAXI@Z 0000000180004478 f i libcpmt:xthrow.obj
 0001:00003478       ??_Elength_error@std@@UEAAPEAXI@Z 0000000180004478 f i libcpmt:xthrow.obj
 0001:00003478       ??_Gexception@std@@UEAAPEAXI@Z 0000000180004478 f i libcpmt:xonce.obj
 0001:000034bc       ?_Execute_once@std@@YAHAEAUonce_flag@1@P6AHPEAX1PEAPEAX@Z1@Z 00000001800044bc f   libcpmt:xonce.obj
 0001:000034c4       ?what@exception@std@@UEBAPEBDXZ 00000001800044c4 f i libcpmt:xonce.obj
 0001:00003634       ??$use_facet@V?$codecvt@DDU_Mbstatet@@@std@@@std@@YAAEBV?$codecvt@DDU_Mbstatet@@@0@AEBVlocale@0@@Z 0000000180004634 f i libcpmt:cout.obj
 0001:00003768       ??0?$basic_ostream@DU?$char_traits@D@std@@@std@@QEAA@PEAV?$basic_streambuf@DU?$char_traits@D@std@@@1@_N@Z 0000000180004768 f i libcpmt:cout.obj
 0001:000037e4       ??0?$basic_streambuf@DU?$char_traits@D@std@@@std@@IEAA@XZ 00000001800047e4 f i libcpmt:cout.obj
 0001:00003894       ??0_Init_cout@std@@QEAA@XZ 0000000180004894 f i libcpmt:cout.obj
 0001:00003900       ??0bad_cast@std@@QEAA@AEBV01@@Z 0000000180004900 f i libcpmt:cout.obj
 0001:00003940       ??0bad_cast@std@@QEAA@XZ   0000000180004940 f i libcpmt:cout.obj
 0001:00003960       ??0failure@ios_base@std@@QEAA@AEBV012@@Z 0000000180004960 f i libcpmt:cout.obj
 0001:000039bc       ??1?$basic_filebuf@DU?$char_traits@D@std@@@std@@UEAA@XZ 00000001800049bc f i libcpmt:cout.obj
 0001:00003a54       ??1?$basic_ios@DU?$char_traits@D@std@@@std@@UEAA@XZ 0000000180004a54 f i libcpmt:cout.obj
 0001:00003a78       ??1?$basic_streambuf@DU?$char_traits@D@std@@@std@@UEAA@XZ 0000000180004a78 f i libcpmt:cout.obj
 0001:00003ae0       ??1bad_array_new_length@std@@UEAA@XZ 0000000180004ae0 f i LIBCMT:throw_bad_alloc.obj
 0001:00003ae0       ??1bad_alloc@std@@UEAA@XZ  0000000180004ae0 f i libcpmt:xthrow.obj
 0001:00003ae0       ??1bad_cast@std@@UEAA@XZ   0000000180004ae0 f i libcpmt:cout.obj
 0001:00003ae0       ??1bad_exception@std@@UEAA@XZ 0000000180004ae0 f i libvcruntime:frame.obj
 0001:00003ae0       ??1length_error@std@@UEAA@XZ 0000000180004ae0 f i libcpmt:xthrow.obj
 0001:00003af4       ??_E?$basic_ostream@DU?$char_traits@D@std@@@std@@$4PPPPPPPM@A@EAAPEAXI@Z 0000000180004af4 f i libcpmt:cout.obj
 0001:00003b00       ??_E?$basic_filebuf@DU?$char_traits@D@std@@@std@@UEAAPEAXI@Z 0000000180004b00 f i libcpmt:cout.obj
 0001:00003b00       ??_G?$basic_filebuf@DU?$char_traits@D@std@@@std@@UEAAPEAXI@Z 0000000180004b00 f i libcpmt:cout.obj
 0001:00003b34       ??_E?$basic_ios@DU?$char_traits@D@std@@@std@@UEAAPEAXI@Z 0000000180004b34 f i libcpmt:cout.obj
 0001:00003b34       ??_G?$basic_ios@DU?$char_traits@D@std@@@std@@UEAAPEAXI@Z 0000000180004b34 f i libcpmt:cout.obj
 0001:00003b80       ??_E?$basic_ostream@DU?$char_traits@D@std@@@std@@UEAAPEAXI@Z 0000000180004b80 f i libcpmt:cout.obj
 0001:00003b80       ??_G?$basic_ostream@DU?$char_traits@D@std@@@std@@UEAAPEAXI@Z 0000000180004b80 f i libcpmt:cout.obj
 0001:00003bf0       ??_G?$basic_streambuf@DU?$char_traits@D@std@@@std@@UEAAPEAXI@Z 0000000180004bf0 f i libcpmt:cout.obj
 0001:00003bf0       ??_E?$basic_streambuf@DU?$char_traits@D@std@@@std@@UEAAPEAXI@Z 0000000180004bf0 f i libcpmt:cout.obj
 0001:00003c24       ??_E?$codecvt@DDU_Mbstatet@@@std@@MEAAPEAXI@Z 0000000180004c24 f i libcpmt:cout.obj
 0001:00003c24       ??_G?$codecvt@DDU_Mbstatet@@@std@@MEAAPEAXI@Z 0000000180004c24 f i libcpmt:cout.obj
 0001:00003c50       ??_Eios_base@std@@UEAAPEAXI@Z 0000000180004c50 f i libcpmt:cout.obj
 0001:00003c50       ??_Gios_base@std@@UEAAPEAXI@Z 0000000180004c50 f i libcpmt:cout.obj
 0001:00003c9c       ?_Endwrite@?$basic_filebuf@DU?$char_traits@D@std@@@std@@IEAA_NXZ 0000000180004c9c f i libcpmt:cout.obj
 0001:00003d74       ?_Getcat@?$codecvt@DDU_Mbstatet@@@std@@SA_KPEAPEBVfacet@locale@2@PEBV42@@Z 0000000180004d74 f i libcpmt:cout.obj
 0001:00003e38       ?_Init@?$basic_filebuf@DU?$char_traits@D@std@@@std@@IEAAXPEAU_iobuf@@W4_Initfl@12@@Z 0000000180004e38 f i libcpmt:cout.obj
 0001:00003f24       ?_Init@ios_base@std@@IEAAXXZ 0000000180004f24 f i libcpmt:cout.obj
 0001:00003fa0       ?_Initcvt@?$basic_filebuf@DU?$char_traits@D@std@@@std@@IEAAXAEBV?$codecvt@DDU_Mbstatet@@@2@@Z 0000000180004fa0 f i libcpmt:cout.obj
 0001:00004030       ?_Lock@?$basic_filebuf@DU?$char_traits@D@std@@@std@@UEAAXXZ 0000000180005030 f i libcpmt:cout.obj
 0001:0000404c       ?_Unlock@?$basic_filebuf@DU?$char_traits@D@std@@@std@@UEAAXXZ 000000018000504c f i libcpmt:cout.obj
 0001:00004068       ?clear@ios_base@std@@QEAAXH@Z 0000000180005068 f i libcpmt:cout.obj
 0001:000040d4       __acrt_uninitialize_command_line 00000001800050d4 f i libucrt:argv_data.obj
 0001:000040d4       ?do_always_noconv@?$codecvt@DDU_Mbstatet@@@std@@MEBA_NXZ 00000001800050d4 f i libcpmt:cout.obj
 0001:000040d8       ?do_max_length@codecvt_base@std@@MEBAHXZ 00000001800050d8 f i libcpmt:cout.obj
 0001:000040d8       DllMain                    00000001800050d8 f i LIBCMT:dll_dllmain_stub.obj
 0001:000040d8       _get_startup_argv_mode     00000001800050d8 f i LIBCMT:argv_mode.obj
 0001:000040d8       ?do_encoding@codecvt_base@std@@MEBAHXZ 00000001800050d8 f i libcpmt:cout.obj
 0001:000040e0       ?do_out@?$codecvt@DDU_Mbstatet@@@std@@MEBAHAEAU_Mbstatet@@PEBD1AEAPEBDPEAD3AEAPEAD@Z 00000001800050e0 f i libcpmt:cout.obj
 0001:000040e0       ?do_in@?$codecvt@DDU_Mbstatet@@@std@@MEBAHAEAU_Mbstatet@@PEBD1AEAPEBDPEAD3AEAPEAD@Z 00000001800050e0 f i libcpmt:cout.obj
 0001:000040fc       ?do_length@?$codecvt@DDU_Mbstatet@@@std@@MEBAHAEAU_Mbstatet@@PEBD1_K@Z 00000001800050fc f i libcpmt:cout.obj
 0001:0000410c       ?do_unshift@?$codecvt@DDU_Mbstatet@@@std@@MEBAHAEAU_Mbstatet@@PEAD1AEAPEAD@Z 000000018000510c f i libcpmt:cout.obj
 0001:00004118       ?imbue@?$basic_filebuf@DU?$char_traits@D@std@@@std@@MEAAXAEBVlocale@2@@Z 0000000180005118 f i libcpmt:cout.obj
 0001:0000413c       ?init@?$basic_ios@DU?$char_traits@D@std@@@std@@IEAAXPEAV?$basic_streambuf@DU?$char_traits@D@std@@@2@_N@Z 000000018000513c f i libcpmt:cout.obj
 0001:000041fc       ?overflow@?$basic_filebuf@DU?$char_traits@D@std@@@std@@MEAAHH@Z 00000001800051fc f i libcpmt:cout.obj
 0001:00004384       ?overflow@?$basic_streambuf@DU?$char_traits@D@std@@@std@@MEAAHH@Z 0000000180005384 f i libcpmt:cout.obj
 0001:00004384       ?underflow@?$basic_streambuf@DU?$char_traits@D@std@@@std@@MEAAHXZ 0000000180005384 f i libcpmt:cout.obj
 0001:00004384       ?pbackfail@?$basic_streambuf@DU?$char_traits@D@std@@@std@@MEAAHH@Z 0000000180005384 f i libcpmt:cout.obj
 0001:00004388       ?pbackfail@?$basic_filebuf@DU?$char_traits@D@std@@@std@@MEAAHH@Z 0000000180005388 f i libcpmt:cout.obj
 0001:00004454       ?seekoff@?$basic_filebuf@DU?$char_traits@D@std@@@std@@MEAA?AV?$fpos@U_Mbstatet@@@2@_JHH@Z 0000000180005454 f i libcpmt:cout.obj
 0001:00004538       ?seekpos@?$basic_streambuf@DU?$char_traits@D@std@@@std@@MEAA?AV?$fpos@U_Mbstatet@@@2@V32@H@Z 0000000180005538 f i libcpmt:cout.obj
 0001:00004538       ?seekoff@?$basic_streambuf@DU?$char_traits@D@std@@@std@@MEAA?AV?$fpos@U_Mbstatet@@@2@_JHH@Z 0000000180005538 f i libcpmt:cout.obj
 0001:0000454c       ?seekpos@?$basic_filebuf@DU?$char_traits@D@std@@@std@@MEAA?AV?$fpos@U_Mbstatet@@@2@V32@H@Z 000000018000554c f i libcpmt:cout.obj
 0001:00004608       ?setbuf@?$basic_filebuf@DU?$char_traits@D@std@@@std@@MEAAPEAV?$basic_streambuf@DU?$char_traits@D@std@@@2@PEAD_J@Z 0000000180005608 f i libcpmt:cout.obj
 0001:0000465c       ?setbuf@?$basic_streambuf@DU?$char_traits@D@std@@@std@@MEAAPEAV12@PEAD_J@Z 000000018000565c f i libcpmt:cout.obj
 0001:00004660       ?sync@?$basic_streambuf@DU?$char_traits@D@std@@@std@@MEAAHXZ 0000000180005660 f i libcpmt:cout.obj
 0001:00004660       ?showmanyc@?$basic_streambuf@DU?$char_traits@D@std@@@std@@MEAA_JXZ 0000000180005660 f i libcpmt:cout.obj
 0001:00004664       ?sync@?$basic_filebuf@DU?$char_traits@D@std@@@std@@MEAAHXZ 0000000180005664 f i libcpmt:cout.obj
 0001:000046b0       ?uflow@?$basic_filebuf@DU?$char_traits@D@std@@@std@@MEAAHXZ 00000001800056b0 f i libcpmt:cout.obj
 0001:00004968       ?uflow@?$basic_streambuf@DU?$char_traits@D@std@@@std@@MEAAHXZ 0000000180005968 f i libcpmt:cout.obj
 0001:000049a4       ?underflow@?$basic_filebuf@DU?$char_traits@D@std@@@std@@MEAAHXZ 00000001800059a4 f i libcpmt:cout.obj
 0001:00004a08       ?xsgetn@?$basic_filebuf@DU?$char_traits@D@std@@@std@@MEAA_JPEAD_J@Z 0000000180005a08 f i libcpmt:cout.obj
 0001:00004b08       ?xsgetn@?$basic_streambuf@DU?$char_traits@D@std@@@std@@MEAA_JPEAD_J@Z 0000000180005b08 f i libcpmt:cout.obj
 0001:00004bc4       ?xsputn@?$basic_filebuf@DU?$char_traits@D@std@@@std@@MEAA_JPEBD_J@Z 0000000180005bc4 f i libcpmt:cout.obj
 0001:00004c88       ?xsputn@?$basic_streambuf@DU?$char_traits@D@std@@@std@@MEAA_JPEBD_J@Z 0000000180005c88 f i libcpmt:cout.obj
 0001:00004d48       ??1_Fac_tidy_reg_t@std@@QEAA@XZ 0000000180005d48 f i libcpmt:locale0.obj
 0001:00004db0       ??4?$_Yarn@D@std@@QEAAAEAV01@PEBD@Z 0000000180005db0 f i libcpmt:locale0.obj
 0001:00004e28       ??_G_Locimp@locale@std@@MEAAPEAXI@Z 0000000180005e28 f i libcpmt:locale0.obj
 0001:00004e28       ??_E_Locimp@locale@std@@MEAAPEAXI@Z 0000000180005e28 f i libcpmt:locale0.obj
 0001:00004e94       ?_Facet_Register@std@@YAXPEAV_Facet_base@1@@Z 0000000180005e94 f   libcpmt:locale0.obj
 0001:00004ecc       ?_Getgloballocale@locale@std@@CAPEAV_Locimp@12@XZ 0000000180005ecc f   libcpmt:locale0.obj
 0001:00004ed4       ?_Init@locale@std@@CAPEAV_Locimp@12@_N@Z 0000000180005ed4 f   libcpmt:locale0.obj
 0001:00004f80       ?_Locimp_dtor@_Locimp@locale@std@@CAXPEAV123@@Z 0000000180005f80 f   libcpmt:locale0.obj
 0001:00005008       ?_Locinfo_ctor@_Locinfo@std@@SAXPEAV12@PEBD@Z 0000000180006008 f   libcpmt:locale0.obj
 0001:00005074       ?_Locinfo_dtor@_Locinfo@std@@SAXPEAV12@@Z 0000000180006074 f   libcpmt:locale0.obj
 0001:00005090       ?_New_Locimp@_Locimp@locale@std@@CAPEAV123@_N@Z 0000000180006090 f   libcpmt:locale0.obj
 0001:00005100       ?_Setgloballocale@locale@std@@CAXPEAX@Z 0000000180006100 f   libcpmt:locale0.obj
 0001:00005134       _Deletegloballocale        0000000180006134 f   libcpmt:locale0.obj
 0001:000051a4       ??0?$basic_istream@DU?$char_traits@D@std@@@std@@QEAA@PEAV?$basic_streambuf@DU?$char_traits@D@std@@@1@_N@Z 00000001800061a4 f i libcpmt:cin.obj
 0001:00005228       ??_E?$basic_istream@DU?$char_traits@D@std@@@std@@$4PPPPPPPM@A@EAAPEAXI@Z 0000000180006228 f i libcpmt:cin.obj
 0001:00005234       ??_G?$basic_istream@DU?$char_traits@D@std@@@std@@UEAAPEAXI@Z 0000000180006234 f i libcpmt:cin.obj
 0001:00005234       ??_E?$basic_istream@DU?$char_traits@D@std@@@std@@UEAAPEAXI@Z 0000000180006234 f i libcpmt:cin.obj
 0001:000052a4       ??0bad_alloc@std@@QEAA@AEBV01@@Z 00000001800062a4 f i libcpmt:xthrow.obj
 0001:000052e4       ??0bad_alloc@std@@QEAA@XZ  00000001800062e4 f i libcpmt:xthrow.obj
 0001:00005304       ??0length_error@std@@QEAA@AEBV01@@Z 0000000180006304 f i libcpmt:xthrow.obj
 0001:00005344       ??0length_error@std@@QEAA@PEBD@Z 0000000180006344 f i libcpmt:xthrow.obj
 0001:00005390       ??0logic_error@std@@QEAA@AEBV01@@Z 0000000180006390 f i libcpmt:xthrow.obj
 0001:000053d0       ?_Xlength_error@std@@YAXPEBD@Z 00000001800063d0 f   libcpmt:xthrow.obj
 0001:000053f4       ?_Syserror_map@std@@YAPEBDH@Z 00000001800063f4 f   libcpmt:syserror.obj
 0001:0000541c       _Getctype                  000000018000641c f   libcpmt:_tolower.obj
 0001:000054e4       _Tolower                   00000001800064e4 f   libcpmt:_tolower.obj
 0001:00005614       _Toupper                   0000000180006614 f   libcpmt:_toupper.obj
 0001:00005754       _Mtxdst                    0000000180006754 f   libcpmt:xmtx.obj
 0001:0000575c       _Mtxinit                   000000018000675c f   libcpmt:xmtx.obj
 0001:0000576c       _Mtxlock                   000000018000676c f   libcpmt:xmtx.obj
 0001:00005774       _Mtxunlock                 0000000180006774 f   libcpmt:xmtx.obj
 0001:00005c4c       __crtInitOnceExecuteOnce   0000000180006c4c f   libcpmt:winapisupp.obj
 0001:00005d18       __crtInitializeCriticalSectionEx 0000000180006d18 f   libcpmt:winapisupp.obj
 0001:00005d48       ?_Addstd@ios_base@std@@SAXPEAV12@@Z 0000000180006d48 f   libcpmt:ios.obj
 0001:00005dc0       ?_Ios_base_dtor@ios_base@std@@CAXPEAV12@@Z 0000000180006dc0 f   libcpmt:ios.obj
 0001:00005e40       ?_Tidy@ios_base@std@@AEAAXXZ 0000000180006e40 f i libcpmt:ios.obj
 0001:00005ec0       ?_Atexit@@YAXP6AXXZ@Z      0000000180006ec0 f   libcpmt:iosptrs.obj
 0001:00005f00       __local_stdio_printf_options 0000000180006f00 f i libcpmt:locale.obj
 0001:00005f08       __crtLCMapStringA          0000000180006f08 f   libcpmt:StlLCMapStringA.obj
 0001:000061bc       GetTableIndexFromLocaleName 00000001800071bc f   libcpmt:winapinls.obj
 0001:0000624c       __crtDownlevelLocaleNameToLCID 000000018000724c f   libcpmt:winapinls.obj
 0001:00006280       __crtLCMapStringEx         0000000180007280 f   libcpmt:winapinls.obj
 0001:0000631c       __wcsnicmp_ascii           000000018000731c f   libcpmt:winapinls.obj
 0001:000063a0       __security_check_cookie    00000001800073a0 f   LIBCMT:amdsecgs.obj
 0001:000063c4       ??3@YAXPEAX_K@Z            00000001800073c4 f   LIBCMT:delete_scalar_size.obj
 0001:000063c4       ??_V@YAXPEAX@Z             00000001800073c4 f   LIBCMT:delete_array.obj
 0001:000063cc       ??2@YAPEAX_K@Z             00000001800073cc f   LIBCMT:new_scalar.obj
 0001:00006408       ??_U@YAPEAX_K@Z            0000000180007408 f   LIBCMT:new_array.obj
 0001:00006740       _DllMainCRTStartup         0000000180007740 f   LIBCMT:dll_dllmain.obj
 0001:00006780       __scrt_acquire_startup_lock 0000000180007780 f   LIBCMT:utility.obj
 0001:000067bc       __scrt_dllmain_after_initialize_c 00000001800077bc f   LIBCMT:utility.obj
 0001:000067f0       __scrt_dllmain_before_initialize_c 00000001800077f0 f   LIBCMT:utility.obj
 0001:00006808       __scrt_dllmain_crt_thread_attach 0000000180007808 f   LIBCMT:utility.obj
 0001:00006830       __scrt_dllmain_crt_thread_detach 0000000180007830 f   LIBCMT:utility.obj
 0001:00006848       __scrt_dllmain_exception_filter 0000000180007848 f   LIBCMT:utility.obj
 0001:000068a8       __scrt_dllmain_uninitialize_c 00000001800078a8 f   LIBCMT:utility.obj
 0001:000068d8       __scrt_dllmain_uninitialize_critical 00000001800078d8 f   LIBCMT:utility.obj
 0001:000068ec       __scrt_initialize_crt      00000001800078ec f   LIBCMT:utility.obj
 0001:00006938       __scrt_initialize_onexit_tables 0000000180007938 f   LIBCMT:utility.obj
 0001:00006a10       __scrt_is_nonwritable_in_current_image 0000000180007a10 f   LIBCMT:utility.obj
 0001:00006aac       __scrt_release_startup_lock 0000000180007aac f   LIBCMT:utility.obj
 0001:00006ad0       __scrt_uninitialize_crt    0000000180007ad0 f   LIBCMT:utility.obj
 0001:00006afc       _onexit                    0000000180007afc f   LIBCMT:utility.obj
 0001:00006b4c       atexit                     0000000180007b4c f   LIBCMT:utility.obj
 0001:00006b64       __GSHandlerCheck           0000000180007b64 f   LIBCMT:gshandler.obj
 0001:00006b84       __GSHandlerCheckCommon     0000000180007b84 f   LIBCMT:gshandler.obj
 0001:00006be0       __GSHandlerCheck_EH        0000000180007be0 f   LIBCMT:gshandlereh.obj
 0001:00006c60       ??_Etype_info@@UEAAPEAXI@Z 0000000180007c60 f i LIBCMT:std_type_info_static.obj
 0001:00006c60       ??_Gtype_info@@UEAAPEAXI@Z 0000000180007c60 f i LIBCMT:std_type_info_static.obj
 0001:00006ca0       __chkstk                   0000000180007ca0 f   LIBCMT:chkstk.obj
 0001:00006ca0       _alloca_probe              0000000180007ca0 f   LIBCMT:chkstk.obj
 0001:00006cf4       __raise_securityfailure    0000000180007cf4 f   LIBCMT:gs_report.obj
 0001:00006d28       __report_gsfailure         0000000180007d28 f   LIBCMT:gs_report.obj
 0001:00006dfc       __report_rangecheckfailure 0000000180007dfc f   LIBCMT:gs_report.obj
 0001:00006e10       __report_securityfailure   0000000180007e10 f   LIBCMT:gs_report.obj
 0001:00006f90       ??3@YAXPEAX@Z              0000000180007f90 f   LIBCMT:delete_scalar.obj
 0001:00006f98       ??0bad_array_new_length@std@@QEAA@AEBV01@@Z 0000000180007f98 f i LIBCMT:throw_bad_alloc.obj
 0001:00006fd8       ??0bad_array_new_length@std@@QEAA@XZ 0000000180007fd8 f i LIBCMT:throw_bad_alloc.obj
 0001:00006ff8       ?__scrt_throw_std_bad_alloc@@YAXXZ 0000000180007ff8 f   LIBCMT:throw_bad_alloc.obj
 0001:00007018       ?__scrt_throw_std_bad_array_new_length@@YAXXZ 0000000180008018 f   LIBCMT:throw_bad_alloc.obj
 0001:00007038       __security_init_cookie     0000000180008038 f   LIBCMT:gs_support.obj
 0001:000070e4       ?__scrt_initialize_type_info@@YAXXZ 00000001800080e4 f   LIBCMT:tncleanup.obj
 0001:000070f4       ?__scrt_uninitialize_type_info@@YAXXZ 00000001800080f4 f   LIBCMT:tncleanup.obj
 0001:00007100       __local_stdio_scanf_options 0000000180008100 f i LIBCMT:default_local_stdio_options.obj
 0001:00007108       __scrt_initialize_default_local_stdio_options 0000000180008108 f   LIBCMT:default_local_stdio_options.obj
 0001:00007124       __scrt_get_dyn_tls_init_callback 0000000180008124 f   LIBCMT:dyn_tls_init.obj
 0001:0000712c       __crt_debugger_hook        000000018000812c f   LIBCMT:utility_desktop.obj
 0001:00007134       __scrt_fastfail            0000000180008134 f   LIBCMT:utility_desktop.obj
 0001:00007280       _RTC_Initialize            0000000180008280 f   LIBCMT:initsect.obj
 0001:000072bc       _RTC_Terminate             00000001800082bc f   LIBCMT:initsect.obj
 0001:000072f8       __isa_available_init       00000001800082f8 f   LIBCMT:cpu_disp.obj
 0001:00007474       __scrt_is_ucrt_dll_in_use  0000000180008474 f   LIBCMT:ucrt_detection.obj
 0001:00007480       _purecall                  0000000180008480 f   libvcruntime:purevirt.obj
 0001:000074b0       __std_exception_copy       00000001800084b0 f   libvcruntime:std_exception.obj
 0001:00007540       __std_exception_destroy    0000000180008540 f   libvcruntime:std_exception.obj
 0001:00007568       _CxxThrowException         0000000180008568 f   libvcruntime:throw.obj
 0001:00007628       ??$_CallSETranslator@V__FrameHandler3@@@@YAHPEAUEHExceptionRecord@@PEA_KPEAU_CONTEXT@@PEAU_xDISPATCHER_CONTEXT@@PEBU_s_FuncInfo@@K1@Z 0000000180008628 f i libvcruntime:risctrnsctrl.obj
 0001:0000767c       ?CatchTryBlock@__FrameHandler3@@SAPEBU_s_TryBlockMapEntry@@PEBU_s_FuncInfo@@H@Z 000000018000867c f   libvcruntime:risctrnsctrl.obj
 0001:000076d4       ?ExecutionInCatch@__FrameHandler3@@SA_NPEAU_xDISPATCHER_CONTEXT@@PEBU_s_FuncInfo@@@Z 00000001800086d4 f   libvcruntime:risctrnsctrl.obj
 0001:00007700       ?FrameUnwindToEmptyState@__FrameHandler3@@SAXPEA_KPEAU_xDISPATCHER_CONTEXT@@PEBU_s_FuncInfo@@@Z 0000000180008700 f   libvcruntime:risctrnsctrl.obj
 0001:00007764       ?GetEstablisherFrame@__FrameHandler3@@SAPEA_KPEA_KPEAU_xDISPATCHER_CONTEXT@@PEBU_s_FuncInfo@@0@Z 0000000180008764 f   libvcruntime:risctrnsctrl.obj
 0001:00007830       ?GetRangeOfTrysToCheck@__FrameHandler3@@SA?AU?$pair@Viterator@TryBlockMap@__FrameHandler3@@V123@@std@@AEAVTryBlockMap@1@HH@Z 0000000180008830 f   libvcruntime:risctrnsctrl.obj
 0001:0000798c       ?UnwindNestedFrames@__FrameHandler3@@SAXPEA_KPEAUEHExceptionRecord@@PEAU_CONTEXT@@0PEAXPEBU_s_FuncInfo@@HHPEBU_s_HandlerType@@PEAU_xDISPATCHER_CONTEXT@@E@Z 000000018000898c f   libvcruntime:risctrnsctrl.obj
 0001:00007ab0       _CreateFrameInfo           0000000180008ab0 f   libvcruntime:risctrnsctrl.obj
 0001:00007aec       _FindAndUnlinkFrame        0000000180008aec f   libvcruntime:risctrnsctrl.obj
 0001:00007b40       _GetImageBase              0000000180008b40 f   libvcruntime:risctrnsctrl.obj
 0001:00007b54       _GetThrowImageBase         0000000180008b54 f   libvcruntime:risctrnsctrl.obj
 0001:00007b68       _SetImageBase              0000000180008b68 f   libvcruntime:risctrnsctrl.obj
 0001:00007b80       _SetThrowImageBase         0000000180008b80 f   libvcruntime:risctrnsctrl.obj
 0001:00007b98       __CxxFrameHandler3         0000000180008b98 f   libvcruntime:risctrnsctrl.obj
 0001:00007c30       memcpy_repmovs             0000000180008c30 f   libvcruntime:memcpy.obj
 0001:00007c50       memcpy                     0000000180008c50 f   libvcruntime:memcpy.obj
 0001:00007c50       memmove                    0000000180008c50 f   libvcruntime:memcpy.obj
 0001:00008090       memset_repmovs             0000000180009090 f   libvcruntime:memset.obj
 0001:000080b0       memset                     00000001800090b0 f   libvcruntime:memset.obj
 0001:00008240       __DestructExceptionObject  0000000180009240 f   libvcruntime:ehhelpers.obj
 0001:000082b4       ?_CallMemberFunction0@@YAXQEAX0@Z 00000001800092b4 f i libvcruntime:ehhelpers.obj
 0001:000082b8       _IsExceptionObjectToBeDestroyed 00000001800092b8 f   libvcruntime:ehhelpers.obj
 0001:000082e8       __AdjustPointer            00000001800092e8 f   libvcruntime:ehhelpers.obj
 0001:0000830c       __FrameUnwindFilter        000000018000930c f   libvcruntime:ehhelpers.obj
 0001:00008358       __std_terminate            0000000180009358 f   libvcruntime:ehhelpers.obj
 0001:00008380       memchr                     0000000180009380 f   libvcruntime:memchr.obj
 0001:00008400       memcmp                     0000000180009400 f   libvcruntime:memcmp.obj
 0001:000084c8       __C_specific_handler       00000001800094c8 f   libvcruntime:riscchandler.obj
 0001:000086d4       __vcrt_initialize          00000001800096d4 f   libvcruntime:initialization.obj
 0001:00008708       __vcrt_thread_attach       0000000180009708 f   libvcruntime:initialization.obj
 0001:0000871c       __vcrt_thread_detach       000000018000971c f   libvcruntime:initialization.obj
 0001:00008730       __vcrt_uninitialize        0000000180009730 f   libvcruntime:initialization.obj
 0001:00008750       __vcrt_uninitialize_critical 0000000180009750 f   libvcruntime:initialization.obj
 0001:00008760       __std_type_info_compare    0000000180009760 f   libvcruntime:std_type_info.obj
 0001:00008788       __std_type_info_destroy_list 0000000180009788 f   libvcruntime:std_type_info.obj
 0001:000087b4       __vcrt_initialize_pure_virtual_call_handler 00000001800097b4 f   libvcruntime:purevirt_data.obj
 0001:000087c4       __vcrt_freefls             00000001800097c4 f   libvcruntime:per_thread_data.obj
 0001:000087e4       __vcrt_freeptd             00000001800097e4 f   libvcruntime:per_thread_data.obj
 0001:00008834       __vcrt_getptd              0000000180009834 f   libvcruntime:per_thread_data.obj
 0001:00008850       __vcrt_getptd_noexit       0000000180009850 f   libvcruntime:per_thread_data.obj
 0001:0000891c       __vcrt_initialize_ptd      000000018000991c f   libvcruntime:per_thread_data.obj
 0001:00008970       __vcrt_uninitialize_ptd    0000000180009970 f   libvcruntime:per_thread_data.obj
 0001:00008994       ?GetCurrentState@__FrameHandler3@@SAHPEA_KPEAU_xDISPATCHER_CONTEXT@@PEBU_s_FuncInfo@@@Z 0000000180009994 f   libvcruntime:ehstate.obj
 0001:000089bc       ?GetUnwindTryBlock@__FrameHandler3@@SAHPEA_KPEAU_xDISPATCHER_CONTEXT@@PEBU_s_FuncInfo@@@Z 00000001800099bc f   libvcruntime:ehstate.obj
 0001:000089e8       ?SetState@__FrameHandler3@@SAXPEA_KPEBU_s_FuncInfo@@H@Z 00000001800099e8 f   libvcruntime:ehstate.obj
 0001:000089f4       ?SetUnwindTryBlock@__FrameHandler3@@SAXPEA_KPEAU_xDISPATCHER_CONTEXT@@PEBU_s_FuncInfo@@H@Z 00000001800099f4 f   libvcruntime:ehstate.obj
 0001:00008a30       ?StateFromControlPc@__FrameHandler3@@SAHPEBU_s_FuncInfo@@PEAU_xDISPATCHER_CONTEXT@@@Z 0000000180009a30 f   libvcruntime:ehstate.obj
 0001:00008a38       ?StateFromIp@__FrameHandler3@@SAHPEBU_s_FuncInfo@@PEAU_xDISPATCHER_CONTEXT@@_K@Z 0000000180009a38 f   libvcruntime:ehstate.obj
 0001:000094c4       ??$TypeMatchHelper@V__FrameHandler3@@@@YAHPEBU_s_HandlerType@@PEBU_s_CatchableType@@PEBU_s_ThrowInfo@@@Z 000000018000a4c4 f i libvcruntime:frame.obj
 0001:00009608       ??$__InternalCxxFrameHandler@V__FrameHandler3@@@@YA?AW4_EXCEPTION_DISPOSITION@@PEAUEHExceptionRecord@@PEA_KPEAU_CONTEXT@@PEAU_xDISPATCHER_CONTEXT@@PEBU_s_FuncInfo@@H1E@Z 000000018000a608 f i libvcruntime:frame.obj
 0001:00009850       ??0bad_exception@std@@QEAA@AEBV01@@Z 000000018000a850 f i libvcruntime:frame.obj
 0001:00009890       ??0bad_exception@std@@QEAA@XZ 000000018000a890 f i libvcruntime:frame.obj
 0001:000098b0       ?CxxCallCatchBlock@__FrameHandler3@@SAPEAXPEAU_EXCEPTION_RECORD@@@Z 000000018000a8b0 f   libvcruntime:frame.obj
 0001:00009b24       ?FrameUnwindToState@__FrameHandler3@@SAXPEA_KPEAU_xDISPATCHER_CONTEXT@@PEBU_s_FuncInfo@@H@Z 000000018000ab24 f   libvcruntime:frame.obj
 0001:00009cb8       ?GetHandlerSearchState@__FrameHandler3@@SAHPEA_KPEAU_xDISPATCHER_CONTEXT@@PEBU_s_FuncInfo@@@Z 000000018000acb8 f i libvcruntime:frame.obj
 0001:00009ebc       ?_CallMemberFunction1@@YAXQEAX00@Z 000000018000aebc f i libvcruntime:frame.obj
 0001:00009ec8       ?_CallMemberFunction2@@YAXQEAX00H@Z 000000018000aec8 f i libvcruntime:frame.obj
 0001:00009ef0       _NLG_Notify                000000018000aef0 f   libvcruntime:notify.obj
 0001:00009f10       __NLG_Dispatch2            000000018000af10 f   libvcruntime:notify.obj
 0001:00009f20       __NLG_Return2              000000018000af20 f   libvcruntime:notify.obj
 0001:00009f24       __except_validate_context_record 000000018000af24 f   libvcruntime:jbcxrval.obj
 0001:00009f5c       __vcrt_initialize_locks    000000018000af5c f   libvcruntime:locks.obj
 0001:00009fa4       __vcrt_uninitialize_locks  000000018000afa4 f   libvcruntime:locks.obj
 0001:0000a1b4       __vcrt_FlsAlloc            000000018000b1b4 f   libvcruntime:winapi_downlevel.obj
 0001:0000a1fc       __vcrt_FlsFree             000000018000b1fc f   libvcruntime:winapi_downlevel.obj
 0001:0000a244       __vcrt_FlsGetValue         000000018000b244 f   libvcruntime:winapi_downlevel.obj
 0001:0000a28c       __vcrt_FlsSetValue         000000018000b28c f   libvcruntime:winapi_downlevel.obj
 0001:0000a2e0       __vcrt_InitializeCriticalSectionEx 000000018000b2e0 f   libvcruntime:winapi_downlevel.obj
 0001:0000a344       __vcrt_initialize_winapi_thunks 000000018000b344 f   libvcruntime:winapi_downlevel.obj
 0001:0000a374       __vcrt_uninitialize_winapi_thunks 000000018000b374 f   libvcruntime:winapi_downlevel.obj
 0001:0000a3d0       _CallSettingFrame          000000018000b3d0 f   libvcruntime:handlers.obj
 0001:0000a420       _CallSettingFrameEncoded   000000018000b420 f   libvcruntime:handlers.obj
 0001:0000a468       abort                      000000018000b468 f   libucrt:abort.obj
 0001:0000a4c0       __acrt_call_reportfault    000000018000b4c0 f   libucrt:invalid_parameter.obj
 0001:0000a61c       __acrt_initialize_invalid_parameter_handler 000000018000b61c f   libucrt:invalid_parameter.obj
 0001:0000a624       _invalid_parameter         000000018000b624 f   libucrt:invalid_parameter.obj
 0001:0000a6d4       _invalid_parameter_noinfo  000000018000b6d4 f   libucrt:invalid_parameter.obj
 0001:0000a6f4       _invalid_parameter_noinfo_noreturn 000000018000b6f4 f   libucrt:invalid_parameter.obj
 0001:0000a724       _invoke_watson             000000018000b724 f   libucrt:invalid_parameter.obj
 0001:0000a76c       free                       000000018000b76c f   libucrt:free.obj
 0001:0000a780       ??0_LocaleUpdate@@QEAA@QEAU__crt_locale_pointers@@@Z 000000018000b780 f i libucrt:stricmp.obj
 0001:0000a81c       ??1_LocaleUpdate@@QEAA@XZ  000000018000b81c f i libucrt:stricmp.obj
 0001:0000a830       __ascii_stricmp            000000018000b830 f   libucrt:stricmp.obj
 0001:0000a870       _stricmp                   000000018000b870 f   libucrt:stricmp.obj
 0001:0000a8b8       _stricmp_l                 000000018000b8b8 f   libucrt:stricmp.obj
 0001:0000a96c       __acrt_initialize_locks    000000018000b96c f   libucrt:locks.obj
 0001:0000a9b4       __acrt_lock                000000018000b9b4 f   libucrt:locks.obj
 0001:0000a9d0       __acrt_uninitialize_locks  000000018000b9d0 f   libucrt:locks.obj
 0001:0000aa08       __acrt_unlock              000000018000ba08 f   libucrt:locks.obj
 0001:0000aa24       _lock_locales              000000018000ba24 f   libucrt:locks.obj
 0001:0000aa40       _unlock_locales            000000018000ba40 f   libucrt:locks.obj
 0001:0000aa50       terminate                  000000018000ba50 f   libucrt:terminate.obj
 0001:0000aa70       __acrt_initialize_stdio    000000018000ba70 f   libucrt:_file.obj
 0001:0000ab90       __acrt_iob_func            000000018000bb90 f   libucrt:_file.obj
 0001:0000aba4       __acrt_uninitialize_stdio  000000018000bba4 f   libucrt:_file.obj
 0001:0000ac00       _get_stream_buffer_pointers 000000018000bc00 f   libucrt:_file.obj
 0001:0000ac48       _lock_file                 000000018000bc48 f   libucrt:_file.obj
 0001:0000ac54       _unlock_file               000000018000bc54 f   libucrt:_file.obj
 0001:0000ac60       _fclose_nolock             000000018000bc60 f   libucrt:fclose.obj
 0001:0000ace4       fclose                     000000018000bce4 f   libucrt:fclose.obj
 0001:0000af64       __acrt_stdio_flush_nolock  000000018000bf64 f   libucrt:fflush.obj
 0001:0000afe0       _fflush_nolock             000000018000bfe0 f   libucrt:fflush.obj
 0001:0000b02c       _flushall                  000000018000c02c f   libucrt:fflush.obj
 0001:0000b034       fflush                     000000018000c034 f   libucrt:fflush.obj
 0001:0000b09c       _fgetc_nolock              000000018000c09c f   libucrt:fgetc.obj
 0001:0000b0e0       fgetc                      000000018000c0e0 f   libucrt:fgetc.obj
 0001:0000b1e8       fgetpos                    000000018000c1e8 f   libucrt:fgetpos.obj
 0001:0000b234       fputc                      000000018000c234 f   libucrt:fputc.obj
 0001:0000b358       _fread_nolock_s            000000018000c358 f   libucrt:fread.obj
 0001:0000b5e8       fread                      000000018000c5e8 f   libucrt:fread.obj
 0001:0000b608       fread_s                    000000018000c608 f   libucrt:fread.obj
 0001:0000b6b0       fsetpos                    000000018000c6b0 f   libucrt:fsetpos.obj
 0001:0000b8f0       _fseeki64                  000000018000c8f0 f   libucrt:fseek.obj
 0001:0000b99c       _fwrite_nolock             000000018000c99c f   libucrt:fwrite.obj
 0001:0000bb48       fwrite                     000000018000cb48 f   libucrt:fwrite.obj
 0001:0000bcec       setvbuf                    000000018000ccec f   libucrt:setvbuf.obj
 0001:0000bd88       _ungetc_nolock             000000018000cd88 f   libucrt:ungetc.obj
 0001:0000beb0       ungetc                     000000018000ceb0 f   libucrt:ungetc.obj
 0001:0000bf08       malloc                     000000018000cf08 f   libucrt:malloc.obj
 0001:0000c1f0       setlocale                  000000018000d1f0 f   libucrt:setlocale.obj
 0001:0000c23c       calloc                     000000018000d23c f   libucrt:calloc.obj
 0001:0000c244       __pctype_func              000000018000d244 f   libucrt:ctype.obj
 0001:0000c274       islower                    000000018000d274 f i libucrt:_ctype.obj
 0001:0000c308       isupper                    000000018000d308 f i libucrt:_ctype.obj
 0001:0000c39c       _wcsdup                    000000018000d39c f   libucrt:wcsdup.obj
 0001:0000c420       ___lc_codepage_func        000000018000d420 f   libucrt:initctype.obj
 0001:0000c450       ___lc_locale_name_func     000000018000d450 f   libucrt:initctype.obj
 0001:0000c484       __acrt_locale_initialize_ctype 000000018000d484 f   libucrt:initctype.obj
 0001:0000cad4       __acrt_errno_from_os_error 000000018000dad4 f   libucrt:errno.obj
 0001:0000cb1c       __acrt_errno_map_os_error  000000018000db1c f   libucrt:errno.obj
 0001:0000cb6c       __doserrno                 000000018000db6c f   libucrt:errno.obj
 0001:0000cb8c       _errno                     000000018000db8c f   libucrt:errno.obj
 0001:0000cbb0       pow                        000000018000dbb0 f   libucrt:pow.obj
 0001:0000e250       powf                       000000018000f250 f   libucrt:powf.obj
 0001:0000f118       __strncnt                  0000000180010118 f   libucrt:strncnt.obj
 0001:0000f130       ??$__acrt_mbs_to_wcs_cp@U__crt_win32_buffer_internal_dynamic_resizing@@@@YAHQEBDAEAV?$__crt_win32_buffer@_WU__crt_win32_buffer_internal_dynamic_resizing@@@@I@Z 0000000180010130 f i libucrt:strftime.obj
 0001:0000f2a8       ??$__acrt_wcs_to_mbs_cp@U__crt_win32_buffer_no_resizing@@@@YAHQEB_WAEAV?$__crt_win32_buffer@DU__crt_win32_buffer_no_resizing@@@@I@Z 00000001800102a8 f i libucrt:strftime.obj
 0001:0000f41c       _tolower_l                 000000018001041c f   libucrt:tolower_toupper.obj
 0001:0000f55c       wcscpy_s                   000000018001055c f   libucrt:wcscpy_s.obj
 0001:0000f5c4       wcsnlen                    00000001800105c4 f   libucrt:strnlen.obj
 0001:0000f79c       __acrt_initialize_new_handler 000000018001079c f   libucrt:new_handler.obj
 0001:0000f7a4       _callnewh                  00000001800107a4 f   libucrt:new_handler.obj
 0001:0000f7d4       _query_new_handler         00000001800107d4 f   libucrt:new_handler.obj
 0001:0000f808       _initterm                  0000000180010808 f   libucrt:initterm.obj
 0001:0000f86c       _initterm_e                000000018001086c f   libucrt:initterm.obj
 0001:0000f8ac       _seh_filter_dll            00000001800108ac f   libucrt:exception_filter.obj
 0001:0000f8c0       _seh_filter_exe            00000001800108c0 f   libucrt:exception_filter.obj
 0001:0000fcb0       __acrt_initialize_thread_local_exit_callback 0000000180010cb0 f   libucrt:exit.obj
 0001:0000fcb8       _cexit                     0000000180010cb8 f   libucrt:exit.obj
 0001:0000fcc8       _exit                      0000000180010cc8 f   libucrt:exit.obj
 0001:0000fcd4       _is_c_termination_complete 0000000180010cd4 f   libucrt:exit.obj
 0001:0000fea0       __acrt_allocate_buffer_for_argv 0000000180010ea0 f   libucrt:argv_parsing.obj
 0001:0000ff00       _configure_narrow_argv     0000000180010f00 f   libucrt:argv_parsing.obj
 0001:00010278       __dcrt_uninitialize_environments_nolock 0000000180011278 f   libucrt:environment_initialization.obj
 0001:000102b0       _initialize_narrow_environment 00000001800112b0 f   libucrt:environment_initialization.obj
 0001:000105f8       _crt_atexit                00000001800115f8 f   libucrt:onexit.obj
 0001:00010608       _execute_onexit_table      0000000180011608 f   libucrt:onexit.obj
 0001:00010644       _initialize_onexit_table   0000000180011644 f   libucrt:onexit.obj
 0001:0001066c       _register_onexit_function  000000018001166c f   libucrt:onexit.obj
 0001:000107e0       __acrt_initialize          00000001800117e0 f   libucrt:initialization.obj
 0001:000107f4       __acrt_thread_attach       00000001800117f4 f   libucrt:initialization.obj
 0001:00010808       __acrt_thread_detach       0000000180011808 f   libucrt:initialization.obj
 0001:00010818       __acrt_uninitialize        0000000180011818 f   libucrt:initialization.obj
 0001:00010850       __acrt_uninitialize_critical 0000000180011850 f   libucrt:initialization.obj
 0001:00010860       strcpy_s                   0000000180011860 f   libucrt:strcpy_s.obj
 0001:000108c0       wcsncmp                    00000001800118c0 f   libucrt:wcsncmp.obj
 0001:000108ec       ??$parse_integer@KV?$c_string_character_source@_W@__crt_strtox@@@__crt_strtox@@YAKQEAU__crt_locale_pointers@@V?$c_string_character_source@_W@0@H_N@Z 00000001800118ec f i libucrt:atox.obj
 0001:00010fa0       _wtol                      0000000180011fa0 f   libucrt:atox.obj
 0001:00010fe0       strncmp                    0000000180011fe0 f   libucrt:strncmp.obj
 0001:000110a8       __acrt_get_sigabrt_handler 00000001800120a8 f   libucrt:signal.obj
 0001:000110d8       __acrt_initialize_signal_handlers 00000001800120d8 f   libucrt:signal.obj
 0001:000110f8       raise                      00000001800120f8 f   libucrt:signal.obj
 0001:000116dc       __acrt_freeptd             00000001800126dc f   libucrt:per_thread_data.obj
 0001:00011720       __acrt_getptd              0000000180012720 f   libucrt:per_thread_data.obj
 0001:000117f4       __acrt_getptd_head         00000001800127f4 f   libucrt:per_thread_data.obj
 0001:0001189c       __acrt_getptd_noexit       000000018001289c f   libucrt:per_thread_data.obj
 0001:00011968       __acrt_initialize_ptd      0000000180012968 f   libucrt:per_thread_data.obj
 0001:000119a4       __acrt_uninitialize_ptd    00000001800129a4 f   libucrt:per_thread_data.obj
 0001:000119c8       _free_base                 00000001800129c8 f   libucrt:free_base.obj
 0001:00011a08       __acrt_update_locale_info  0000000180012a08 f   libucrt:locale_update.obj
 0001:00011a3c       __acrt_update_multibyte_info 0000000180012a3c f   libucrt:locale_update.obj
 0001:00011cd8       __acrt_copy_locale_name    0000000180012cd8 f   libucrt:wsetlocale.obj
 0001:00011d5c       __acrt_set_locale_changed  0000000180012d5c f   libucrt:wsetlocale.obj
 0001:00011d68       __acrt_uninitialize_locale 0000000180012d68 f   libucrt:wsetlocale.obj
 0001:00011d98       __lc_lctowcs               0000000180012d98 f   libucrt:wsetlocale.obj
 0001:00011e3c       __lc_wcstolc               0000000180012e3c f   libucrt:wsetlocale.obj
 0001:00012078       _expandlocale              0000000180013078 f   libucrt:wsetlocale.obj
 0001:0001245c       _wcscats                   000000018001345c f   libucrt:wsetlocale.obj
 0001:000124c4       _wsetlocale                00000001800134c4 f   libucrt:wsetlocale.obj
 0001:00012fb8       __acrt_AppPolicyGetProcessTerminationMethodInternal 0000000180013fb8 f   libucrt:winapi_thunks.obj
 0001:00013008       __acrt_AreFileApisANSI     0000000180014008 f   libucrt:winapi_thunks.obj
 0001:00013044       __acrt_EnumSystemLocalesEx 0000000180014044 f   libucrt:winapi_thunks.obj
 0001:000130dc       __acrt_FlsAlloc            00000001800140dc f   libucrt:winapi_thunks.obj
 0001:00013124       __acrt_FlsFree             0000000180014124 f   libucrt:winapi_thunks.obj
 0001:0001316c       __acrt_FlsGetValue         000000018001416c f   libucrt:winapi_thunks.obj
 0001:000131b4       __acrt_FlsSetValue         00000001800141b4 f   libucrt:winapi_thunks.obj
 0001:00013208       __acrt_GetLocaleInfoEx     0000000180014208 f   libucrt:winapi_thunks.obj
 0001:0001328c       __acrt_GetUserDefaultLocaleName 000000018001428c f   libucrt:winapi_thunks.obj
 0001:000132f0       __acrt_InitializeCriticalSectionEx 00000001800142f0 f   libucrt:winapi_thunks.obj
 0001:00013354       __acrt_IsValidLocaleName   0000000180014354 f   libucrt:winapi_thunks.obj
 0001:000133ac       __acrt_LCIDToLocaleName    00000001800143ac f   libucrt:winapi_thunks.obj
 0001:0001341c       __acrt_LCMapStringEx       000000018001441c f   libucrt:winapi_thunks.obj
 0001:000134f8       __acrt_LocaleNameToLCID    00000001800144f8 f   libucrt:winapi_thunks.obj
 0001:00013548       __acrt_can_use_vista_locale_apis 0000000180014548 f   libucrt:winapi_thunks.obj
 0001:00013578       __acrt_eagerly_load_locale_apis 0000000180014578 f   libucrt:winapi_thunks.obj
 0001:000136d4       __acrt_initialize_winapi_thunks 00000001800146d4 f   libucrt:winapi_thunks.obj
 0001:00013708       __acrt_uninitialize_winapi_thunks 0000000180014708 f   libucrt:winapi_thunks.obj
 0001:0001374c       _calloc_base               000000018001474c f   libucrt:calloc_base.obj
 0001:000137c4       _fcloseall                 00000001800147c4 f   libucrt:closeall.obj
 0001:00013878       __acrt_stdio_free_buffer_nolock 0000000180014878 f   libucrt:_freebuf.obj
 0001:00013ab4       __acrt_initialize_lowio    0000000180014ab4 f   libucrt:ioinit.obj
 0001:00013af0       __acrt_uninitialize_lowio  0000000180014af0 f   libucrt:ioinit.obj
 0001:00013ba4       _close                     0000000180014ba4 f   libucrt:close.obj
 0001:00013c48       _close_nolock              0000000180014c48 f   libucrt:close.obj
 0001:00013d08       _fileno                    0000000180014d08 f   libucrt:fileno.obj
 0001:00013d30       ?__acrt_stdio_free_stream@@YAXV__crt_stdio_stream@@@Z 0000000180014d30 f   libucrt:stream.obj
 0001:00013dd8       _commit                    0000000180014dd8 f   libucrt:commit.obj
 0001:000146d8       _write                     00000001800156d8 f   libucrt:write.obj
 0001:000147c4       _write_nolock              00000001800157c4 f   libucrt:write.obj
 0001:00014aa0       __acrt_stdio_refill_and_read_narrow_nolock 0000000180015aa0 f   libucrt:_filbuf.obj
 0001:000150dc       _ftelli64                  00000001800160dc f   libucrt:ftell.obj
 0001:000150e4       _ftelli64_nolock           00000001800160e4 f   libucrt:ftell.obj
 0001:00015248       __acrt_stdio_flush_and_write_narrow_nolock 0000000180016248 f   libucrt:_flsbuf.obj
 0001:00015908       _read                      0000000180016908 f   libucrt:read.obj
 0001:00015a24       _read_nolock               0000000180016a24 f   libucrt:read.obj
 0001:00016008       _lseeki64                  0000000180017008 f   libucrt:lseek.obj
 0001:00016010       _lseeki64_nolock           0000000180017010 f   libucrt:lseek.obj
 0001:00016018       __acrt_stdio_begin_temporary_buffering_nolock 0000000180017018 f   libucrt:_sftbuf.obj
 0001:000160e8       __acrt_stdio_end_temporary_buffering_nolock 00000001800170e8 f   libucrt:_sftbuf.obj
 0001:00016124       _malloc_base               0000000180017124 f   libucrt:malloc_base.obj
 0001:00016184       __acrt_stdio_allocate_buffer_nolock 0000000180017184 f   libucrt:_getbuf.obj
 0001:000163f0       _mbstowcs_s_l              00000001800173f0 f   libucrt:mbstowcs.obj
 0001:00016524       mbstowcs_s                 0000000180017524 f   libucrt:mbstowcs.obj
 0001:000168ac       _wcstombs_s_l              00000001800178ac f   libucrt:wcstombs.obj
 0001:00016998       _isctype_l                 0000000180017998 f   libucrt:isctype.obj
 0001:00016c24       __acrt_GetLocaleInfoA      0000000180017c24 f   libucrt:getlocaleinfoa.obj
 0001:00016dec       __acrt_GetStringTypeA      0000000180017dec f   libucrt:getstringtypea.obj
 0001:00017294       __acrt_LCMapStringA        0000000180018294 f   libucrt:lcmapstringa.obj
 0001:0001732c       _realloc_base              000000018001832c f   libucrt:realloc_base.obj
 0001:000173a8       iswctype                   00000001800183a8 f   libucrt:iswctype.obj
 0001:00017418       _raise_exc                 0000000180018418 f   libucrt:fpexcept.obj
 0001:00017440       _raise_exc_ex              0000000180018440 f   libucrt:fpexcept.obj
 0001:00017750       _raise_excf                0000000180018750 f   libucrt:fpexcept.obj
 0001:0001777c       _set_errno_from_matherr    000000018001877c f   libucrt:fpexcept.obj
 0001:000177ac       _clrfp                     00000001800187ac f   libucrt:fpctrl.obj
 0001:000177cc       _ctrlfp                    00000001800187cc f   libucrt:fpctrl.obj
 0001:00017848       _set_statfp                0000000180018848 f   libucrt:fpctrl.obj
 0001:00017868       _statfp                    0000000180018868 f   libucrt:fpctrl.obj
 0001:0001787c       _mbtowc_l                  000000018001887c f   libucrt:mbtowc.obj
 0001:000179f8       mbtowc                     00000001800189f8 f   libucrt:mbtowc.obj
 0001:00017a00       __acrt_initialize_fma3     0000000180018a00 f   libucrt:fma3_available.obj
 0001:00017a70       _pow_special               0000000180018a70 f   libucrt:pow_special.obj
 0001:00017b94       _powf_special              0000000180018b94 f   libucrt:pow_special.obj
 0001:00017d20       __acrt_MultiByteToWideChar 0000000180018d20 f   libucrt:multibytetowidechar.obj
 0001:00017d7c       __acrt_WideCharToMultiByte 0000000180018d7c f   libucrt:widechartomultibyte.obj
 0001:00017e14       _wcsicmp                   0000000180018e14 f   libucrt:wcsicmp.obj
 0001:00017eac       _wcsicmp_l                 0000000180018eac f   libucrt:wcsicmp.obj
 0001:00017fac       __acrt_initialize_timeset  0000000180018fac f   libucrt:timeset.obj
 0001:00017ff0       _isleadbyte_l              0000000180018ff0 f i libucrt:_wctype.obj
 0001:0001803c       __acrt_get_process_end_policy 000000018001903c f   libucrt:win_policies.obj
 0001:0001808c       ??$__acrt_wcs_to_mbs_cp@U__crt_win32_buffer_internal_dynamic_resizing@@@@YAHQEB_WAEAV?$__crt_win32_buffer@DU__crt_win32_buffer_internal_dynamic_resizing@@@@I@Z 000000018001908c f i libucrt:argv_wildcards.obj
 0001:000188bc       __acrt_expand_narrow_argv_wildcards 00000001800198bc f   libucrt:argv_wildcards.obj
 0001:000188c4       __acrt_GetModuleFileNameA  00000001800198c4 f   libucrt:getmodulefilenamea.obj
 0001:00019110       __acrt_initialize_multibyte 000000018001a110 f   libucrt:mbctype.obj
 0001:00019170       __acrt_update_thread_multibyte_data 000000018001a170 f   libucrt:mbctype.obj
 0001:0001918c       _setmbcp_nolock            000000018001a18c f   libucrt:mbctype.obj
 0001:000194c0       _ismbblead                 000000018001a4c0 f   libucrt:ismbbyte.obj
 0001:000194d4       __acrt_initialize_command_line 000000018001a4d4 f   libucrt:argv_data.obj
 0001:000194fc       __dcrt_get_narrow_environment_from_os 000000018001a4fc f   libucrt:get_environment_from_os.obj
 0001:00019600       _recalloc_base             000000018001a600 f   libucrt:recalloc.obj
 0001:00019698       __acrt_initialize_heap     000000018001a698 f   libucrt:heap_handle.obj
 0001:000196b4       __acrt_uninitialize_heap   000000018001a6b4 f   libucrt:heap_handle.obj
 0001:000196c0       __acrt_execute_initializers 000000018001a6c0 f   libucrt:shared_initialization.obj
 0001:00019740       __acrt_execute_uninitializers 000000018001a740 f   libucrt:shared_initialization.obj
 0001:0001977c       __acrt_has_user_matherr    000000018001a77c f   libucrt:matherr.obj
 0001:0001979c       __acrt_initialize_user_matherr 000000018001a79c f   libucrt:matherr.obj
 0001:000197a4       __acrt_invoke_user_matherr 000000018001a7a4 f   libucrt:matherr.obj
 0001:000197d4       __acrt_add_locale_ref      000000018001a7d4 f   libucrt:locale_refcounting.obj
 0001:00019860       __acrt_free_locale         000000018001a860 f   libucrt:locale_refcounting.obj
 0001:000199d8       __acrt_locale_add_lc_time_reference 000000018001a9d8 f   libucrt:locale_refcounting.obj
 0001:00019a00       __acrt_locale_free_lc_time_if_unreferenced 000000018001aa00 f   libucrt:locale_refcounting.obj
 0001:00019a38       __acrt_locale_release_lc_time_reference 000000018001aa38 f   libucrt:locale_refcounting.obj
 0001:00019a60       __acrt_release_locale_ref  000000018001aa60 f   libucrt:locale_refcounting.obj
 0001:00019b08       __acrt_update_thread_locale_data 000000018001ab08 f   libucrt:locale_refcounting.obj
 0001:00019b78       _updatetlocinfoEx_nolock   000000018001ab78 f   libucrt:locale_refcounting.obj
 0001:00019be0       __acrt_locale_free_monetary 000000018001abe0 f   libucrt:initmon.obj
 0001:00019cec       __acrt_locale_initialize_monetary 000000018001acec f   libucrt:initmon.obj
 0001:0001a220       __acrt_locale_free_numeric 000000018001b220 f   libucrt:initnum.obj
 0001:0001a28c       __acrt_locale_initialize_numeric 000000018001b28c f   libucrt:initnum.obj
 0001:0001a90c       __acrt_locale_free_time    000000018001b90c f   libucrt:inittime.obj
 0001:0001aa14       __acrt_locale_initialize_time 000000018001ba14 f   libucrt:inittime.obj
 0001:0001aab0       wcscat_s                   000000018001bab0 f   libucrt:wcscat_s.obj
 0001:0001ab30       wcsncpy_s                  000000018001bb30 f   libucrt:wcsncpy_s.obj
 0001:0001ac14       wcscspn                    000000018001bc14 f   libucrt:wcscspn.obj
 0001:0001ac54       wcspbrk                    000000018001bc54 f   libucrt:wcspbrk.obj
 0001:0001b43c       __acrt_get_qualified_locale 000000018001c43c f   libucrt:get_qualified_locale.obj
 0001:0001be70       __acrt_get_qualified_locale_downlevel 000000018001ce70 f   libucrt:getqloc_downlevel.obj
 0001:0001c1d8       __acrt_DownlevelLCIDToLocaleName 000000018001d1d8 f   libucrt:lcidtoname_downlevel.obj
 0001:0001c2cc       __acrt_DownlevelLocaleNameToLCID 000000018001d2cc f   libucrt:lcidtoname_downlevel.obj
 0001:0001c300       _query_new_mode            000000018001d300 f   libucrt:new_mode.obj
 0001:0001c308       __acrt_lowio_create_handle_array 000000018001d308 f   libucrt:osfinfo.obj
 0001:0001c3b0       __acrt_lowio_destroy_handle_array 000000018001d3b0 f   libucrt:osfinfo.obj
 0001:0001c400       __acrt_lowio_ensure_fh_exists 000000018001d400 f   libucrt:osfinfo.obj
 0001:0001c4a8       __acrt_lowio_lock_fh       000000018001d4a8 f   libucrt:osfinfo.obj
 0001:0001c4d0       __acrt_lowio_unlock_fh     000000018001d4d0 f   libucrt:osfinfo.obj
 0001:0001c4f8       _free_osfhnd               000000018001d4f8 f   libucrt:osfinfo.obj
 0001:0001c5b4       _get_osfhandle             000000018001d5b4 f   libucrt:osfinfo.obj
 0001:0001c62c       _isatty                    000000018001d62c f   libucrt:isatty.obj
 0001:0001c68c       ?__mbrtowc_utf8@__crt_mbstring@@YA_KPEA_WPEBD_KPEAU_Mbstatet@@@Z 000000018001d68c f   libucrt:mbrtowc.obj
 0001:0001c6c8       ?__mbsrtowcs_utf8@__crt_mbstring@@YA_KPEA_WPEAPEBD_KPEAU_Mbstatet@@@Z 000000018001d6c8 f   libucrt:mbrtowc.obj
 0001:0001c840       _putwch_nolock             000000018001d840 f   libucrt:putwch.obj
 0001:0001c87c       ?__wcsrtombs_utf8@__crt_mbstring@@YA_KPEADPEAPEB_W_KPEAU_Mbstatet@@@Z 000000018001d87c f   libucrt:wcrtomb.obj
 0001:0001c998       strncpy_s                  000000018001d998 f   libucrt:strncpy_s.obj
 0001:0001ca6c       __acrt_GetStringTypeW      000000018001da6c f   libucrt:getstringtypew.obj
 0001:0001ca90       _get_fpsr                  000000018001da90 f   libucrt:fpsr.obj
 0001:0001caa0       _set_fpsr                  000000018001daa0 f   libucrt:fpsr.obj
 0001:0001caaa       _fclrf                     000000018001daaa f   libucrt:fpsr.obj
 0001:0001cabe       _frnd                      000000018001dabe f   libucrt:fpsr.obj
 0001:0001cae0       ?__c32rtomb_utf8@__crt_mbstring@@YA_KPEAD_UPEAU_Mbstatet@@@Z 000000018001dae0 f   libucrt:c32rtomb.obj
 0001:0001cb98       c32rtomb                   000000018001db98 f   libucrt:c32rtomb.obj
 0001:0001ccc4       _handle_error              000000018001dcc4 f   libucrt:libm_error.obj
 0001:0001cdec       _handle_errorf             000000018001ddec f   libucrt:libm_error.obj
 0001:0001cf20       _handle_nan                000000018001df20 f   libucrt:libm_error.obj
 0001:0001cf3c       _handle_nanf               000000018001df3c f   libucrt:libm_error.obj
 0001:0001cf4c       _towlower_l                000000018001df4c f   libucrt:towlower.obj
 0001:0001d010       qsort                      000000018001e010 f   libucrt:qsort.obj
 0001:0001d470       strpbrk                    000000018001e470 f   libucrt:strpbrk.obj
 0001:0001d850       _mbsdec                    000000018001e850 f   libucrt:mbsdec.obj
 0001:0001d858       _mbsdec_l                  000000018001e858 f   libucrt:mbsdec.obj
 0001:0001d904       _msize_base                000000018001e904 f   libucrt:msize.obj
 0001:0001da80       _itow_s                    000000018001ea80 f   libucrt:xtoa.obj
 0001:0001daa0       _wcsnicmp                  000000018001eaa0 f   libucrt:wcsnicmp.obj
 0001:0001db4c       _wcsnicmp_l                000000018001eb4c f   libucrt:wcsnicmp.obj
 0001:0001dc74       wcscmp                     000000018001ec74 f   libucrt:wcscmp.obj
 0001:0001dcac       _query_app_type            000000018001ecac f   libucrt:report_runtime_error.obj
 0001:0001dcb4       ?__mbrtoc32_utf8@__crt_mbstring@@YA_KPEA_UPEBD_KPEAU_Mbstatet@@@Z 000000018001ecb4 f   libucrt:mbrtoc32.obj
 0001:0001de90       __dcrt_lowio_ensure_console_output_initialized 000000018001ee90 f   libucrt:initcon.obj
 0001:0001dee4       __dcrt_terminate_console_output 000000018001eee4 f   libucrt:initcon.obj
 0001:0001df00       __dcrt_write_console       000000018001ef00 f   libucrt:initcon.obj
 0001:0001dfc0       ?__c16rtomb_utf8@__crt_mbstring@@YA_KPEAD_SPEAU_Mbstatet@@@Z 000000018001efc0 f   libucrt:c16rtomb.obj
 0001:0001e070       log10                      000000018001f070 f   libucrt:log10.obj
 0001:0001e61c       __acrt_LCMapStringW        000000018001f61c f   libucrt:lcmapstringw.obj
 0001:0001e6b0       _log10_special             000000018001f6b0 f   libucrt:log_special.obj
 0001:0001e766       IsProcessorFeaturePresent  000000018001f766 f   kernel32:KERNEL32.dll
 0001:0001e76c       ?DloadAcquireSectionWriteAccess@@YAXXZ 000000018001f76c f i DelayImp:delayhlp.obj
 0001:0001e818       ?DloadGetSRWLockFunctionPointers@@YAEXZ 000000018001f818 f i DelayImp:delayhlp.obj
 0001:0001e8b4       ?DloadMakePermanentImageCommit@@YAXPEAX_K@Z 000000018001f8b4 f i DelayImp:delayhlp.obj
 0001:0001e94c       ?DloadObtainSection@@YAPEAXPEAK0@Z 000000018001f94c f i DelayImp:delayhlp.obj
 0001:0001e9e8       ?DloadProtectSection@@YAXKPEAK@Z 000000018001f9e8 f i DelayImp:delayhlp.obj
 0001:0001ea78       ?DloadReleaseSectionWriteAccess@@YAXXZ 000000018001fa78 f i DelayImp:delayhlp.obj
 0001:0001eb0c       __delayLoadHelper2         000000018001fb0c f   DelayImp:delayhlp.obj
 0001:0001edd0       _FindPESection             000000018001fdd0 f   LIBCMT:pesect.obj
 0001:0001ee20       _IsNonwritableInCurrentImage 000000018001fe20 f   LIBCMT:pesect.obj
 0001:0001ee70       _ValidateImageBase         000000018001fe70 f   LIBCMT:pesect.obj
 0001:0001eea0       _local_unwind              000000018001fea0 f   libvcruntime:jmpuwind.obj
 0001:0001eecc       wcschr                     000000018001fecc f   libvcruntime:wcschr.obj
 0001:0001ef70       _guard_dispatch_icall_nop  000000018001ff70 f   LIBCMT:guard_dispatch.obj
 0002:00000000       __imp_Sleep                0000000180021000     kernel32:KERNEL32.dll
 0002:00000008       __imp_GetModuleHandleA     0000000180021008     kernel32:KERNEL32.dll
 0002:00000010       __imp_LoadLibraryExA       0000000180021010     kernel32:KERNEL32.dll
 0002:00000018       __imp_GetLastError         0000000180021018     kernel32:KERNEL32.dll
 0002:00000020       __imp_WideCharToMultiByte  0000000180021020     kernel32:KERNEL32.dll
 0002:00000028       __imp_EnterCriticalSection 0000000180021028     kernel32:KERNEL32.dll
 0002:00000030       __imp_LeaveCriticalSection 0000000180021030     kernel32:KERNEL32.dll
 0002:00000038       __imp_DeleteCriticalSection 0000000180021038     kernel32:KERNEL32.dll
 0002:00000040       __imp_SetLastError         0000000180021040     kernel32:KERNEL32.dll
 0002:00000048       __imp_InitializeCriticalSectionAndSpinCount 0000000180021048     kernel32:KERNEL32.dll
 0002:00000050       __imp_SwitchToThread       0000000180021050     kernel32:KERNEL32.dll
 0002:00000058       __imp_TlsAlloc             0000000180021058     kernel32:KERNEL32.dll
 0002:00000060       __imp_TlsGetValue          0000000180021060     kernel32:KERNEL32.dll
 0002:00000068       __imp_TlsSetValue          0000000180021068     kernel32:KERNEL32.dll
 0002:00000070       __imp_TlsFree              0000000180021070     kernel32:KERNEL32.dll
 0002:00000078       __imp_GetSystemTimeAsFileTime 0000000180021078     kernel32:KERNEL32.dll
 0002:00000080       __imp_GetModuleHandleW     0000000180021080     kernel32:KERNEL32.dll
 0002:00000088       __imp_GetProcAddress       0000000180021088     kernel32:KERNEL32.dll
 0002:00000090       __imp_EncodePointer        0000000180021090     kernel32:KERNEL32.dll
 0002:00000098       __imp_DecodePointer        0000000180021098     kernel32:KERNEL32.dll
 0002:000000a0       __imp_MultiByteToWideChar  00000001800210a0     kernel32:KERNEL32.dll
 0002:000000a8       __imp_LCMapStringW         00000001800210a8     kernel32:KERNEL32.dll
 0002:000000b0       __imp_GetLocaleInfoW       00000001800210b0     kernel32:KERNEL32.dll
 0002:000000b8       __imp_GetStringTypeW       00000001800210b8     kernel32:KERNEL32.dll
 0002:000000c0       __imp_GetCPInfo            00000001800210c0     kernel32:KERNEL32.dll
 0002:000000c8       __imp_RtlCaptureContext    00000001800210c8     kernel32:KERNEL32.dll
 0002:000000d0       __imp_RtlLookupFunctionEntry 00000001800210d0     kernel32:KERNEL32.dll
 0002:000000d8       __imp_RtlVirtualUnwind     00000001800210d8     kernel32:KERNEL32.dll
 0002:000000e0       __imp_UnhandledExceptionFilter 00000001800210e0     kernel32:KERNEL32.dll
 0002:000000e8       __imp_SetUnhandledExceptionFilter 00000001800210e8     kernel32:KERNEL32.dll
 0002:000000f0       __imp_GetCurrentProcess    00000001800210f0     kernel32:KERNEL32.dll
 0002:000000f8       __imp_TerminateProcess     00000001800210f8     kernel32:KERNEL32.dll
 0002:00000100       __imp_IsProcessorFeaturePresent 0000000180021100     kernel32:KERNEL32.dll
 0002:00000108       __imp_QueryPerformanceCounter 0000000180021108     kernel32:KERNEL32.dll
 0002:00000110       __imp_GetCurrentProcessId  0000000180021110     kernel32:KERNEL32.dll
 0002:00000118       __imp_GetCurrentThreadId   0000000180021118     kernel32:KERNEL32.dll
 0002:00000120       __imp_InitializeSListHead  0000000180021120     kernel32:KERNEL32.dll
 0002:00000128       __imp_IsDebuggerPresent    0000000180021128     kernel32:KERNEL32.dll
 0002:00000130       __imp_GetStartupInfoW      0000000180021130     kernel32:KERNEL32.dll
 0002:00000138       __imp_RtlPcToFileHeader    0000000180021138     kernel32:KERNEL32.dll
 0002:00000140       __imp_RaiseException       0000000180021140     kernel32:KERNEL32.dll
 0002:00000148       __imp_RtlUnwindEx          0000000180021148     kernel32:KERNEL32.dll
 0002:00000150       __imp_InterlockedFlushSList 0000000180021150     kernel32:KERNEL32.dll
 0002:00000158       __imp_FreeLibrary          0000000180021158     kernel32:KERNEL32.dll
 0002:00000160       __imp_LoadLibraryExW       0000000180021160     kernel32:KERNEL32.dll
 0002:00000168       __imp_ExitProcess          0000000180021168     kernel32:KERNEL32.dll
 0002:00000170       __imp_GetModuleHandleExW   0000000180021170     kernel32:KERNEL32.dll
 0002:00000178       __imp_GetModuleFileNameW   0000000180021178     kernel32:KERNEL32.dll
 0002:00000180       __imp_HeapFree             0000000180021180     kernel32:KERNEL32.dll
 0002:00000188       __imp_IsValidLocale        0000000180021188     kernel32:KERNEL32.dll
 0002:00000190       __imp_GetUserDefaultLCID   0000000180021190     kernel32:KERNEL32.dll
 0002:00000198       __imp_EnumSystemLocalesW   0000000180021198     kernel32:KERNEL32.dll
 0002:000001a0       __imp_HeapAlloc            00000001800211a0     kernel32:KERNEL32.dll
 0002:000001a8       __imp_GetStdHandle         00000001800211a8     kernel32:KERNEL32.dll
 0002:000001b0       __imp_GetFileType          00000001800211b0     kernel32:KERNEL32.dll
 0002:000001b8       __imp_CloseHandle          00000001800211b8     kernel32:KERNEL32.dll
 0002:000001c0       __imp_FlushFileBuffers     00000001800211c0     kernel32:KERNEL32.dll
 0002:000001c8       __imp_WriteFile            00000001800211c8     kernel32:KERNEL32.dll
 0002:000001d0       __imp_GetConsoleCP         00000001800211d0     kernel32:KERNEL32.dll
 0002:000001d8       __imp_GetConsoleMode       00000001800211d8     kernel32:KERNEL32.dll
 0002:000001e0       __imp_ReadFile             00000001800211e0     kernel32:KERNEL32.dll
 0002:000001e8       __imp_GetFileSizeEx        00000001800211e8     kernel32:KERNEL32.dll
 0002:000001f0       __imp_SetFilePointerEx     00000001800211f0     kernel32:KERNEL32.dll
 0002:000001f8       __imp_ReadConsoleW         00000001800211f8     kernel32:KERNEL32.dll
 0002:00000200       __imp_HeapReAlloc          0000000180021200     kernel32:KERNEL32.dll
 0002:00000208       __imp_FindClose            0000000180021208     kernel32:KERNEL32.dll
 0002:00000210       __imp_FindFirstFileExW     0000000180021210     kernel32:KERNEL32.dll
 0002:00000218       __imp_FindNextFileW        0000000180021218     kernel32:KERNEL32.dll
 0002:00000220       __imp_IsValidCodePage      0000000180021220     kernel32:KERNEL32.dll
 0002:00000228       __imp_GetACP               0000000180021228     kernel32:KERNEL32.dll
 0002:00000230       __imp_GetOEMCP             0000000180021230     kernel32:KERNEL32.dll
 0002:00000238       __imp_GetCommandLineA      0000000180021238     kernel32:KERNEL32.dll
 0002:00000240       __imp_GetCommandLineW      0000000180021240     kernel32:KERNEL32.dll
 0002:00000248       __imp_GetEnvironmentStringsW 0000000180021248     kernel32:KERNEL32.dll
 0002:00000250       __imp_FreeEnvironmentStringsW 0000000180021250     kernel32:KERNEL32.dll
 0002:00000258       __imp_GetProcessHeap       0000000180021258     kernel32:KERNEL32.dll
 0002:00000260       __imp_SetStdHandle         0000000180021260     kernel32:KERNEL32.dll
 0002:00000268       __imp_HeapSize             0000000180021268     kernel32:KERNEL32.dll
 0002:00000270       __imp_CreateFileW          0000000180021270     kernel32:KERNEL32.dll
 0002:00000278       __imp_WriteConsoleW        0000000180021278     kernel32:KERNEL32.dll
 0002:00000280       __imp_GetSystemInfo        0000000180021280     kernel32:KERNEL32.dll
 0002:00000288       __imp_VirtualProtect       0000000180021288     kernel32:KERNEL32.dll
 0002:00000290       __imp_VirtualQuery         0000000180021290     kernel32:KERNEL32.dll
 0002:00000298       __imp_RtlUnwind            0000000180021298     kernel32:KERNEL32.dll
 0002:000002a0       \177KERNEL32_NULL_THUNK_DATA 00000001800212a0     kernel32:KERNEL32.dll
 0002:000002a8       __guard_check_icall_fptr   00000001800212a8     LIBCMT:guard_support.obj
 0002:000002b0       __guard_dispatch_icall_fptr 00000001800212b0     LIBCMT:guard_support.obj
 0002:000002b8       __xc_a                     00000001800212b8     LIBCMT:initializers.obj
 0002:00000328       _register_testaddon_       0000000180021328     main.obj
 0002:00000330       __xc_z                     0000000180021330     LIBCMT:initializers.obj
 0002:00000338       __xi_a                     0000000180021338     LIBCMT:initializers.obj
 0002:00000348       __acrt_stdio_initializer   0000000180021348     libucrt:stdio_initializer.obj
 0002:00000350       __acrt_tran_fma3_initializer 0000000180021350     libucrt:fma3_initializer.obj
 0002:00000358       __acrt_timeset_initializer 0000000180021358     libucrt:timeset_initializer.obj
 0002:00000360       __acrt_multibyte_initializer 0000000180021360     libucrt:multibyte_initializer.obj
 0002:00000368       __xi_z                     0000000180021368     LIBCMT:initializers.obj
 0002:00000370       __xp_a                     0000000180021370     LIBCMT:initializers.obj
 0002:00000378       __acrt_locale_terminator   0000000180021378     libucrt:locale_initializer.obj
[...]
 0004:0000192c       $pdata$LangCountryEnumProcEx 000000018003a92c     libucrt:get_qualified_locale.obj
 0004:00001938       $pdata$LanguageEnumProcEx  000000018003a938     libucrt:get_qualified_locale.obj
 0004:00001944       $pdata$ProcessCodePage     000000018003a944     libucrt:get_qualified_locale.obj
 0004:00001950       $pdata$TestDefaultCountry  000000018003a950     libucrt:get_qualified_locale.obj
 0004:0000195c       $pdata$TranslateName       000000018003a95c     libucrt:get_qualified_locale.obj
 0004:00001968       $pdata$__acrt_get_qualified_locale 000000018003a968     libucrt:get_qualified_locale.obj
 0004:00001974       $pdata$CountryEnumProc     000000018003a974     libucrt:getqloc_downlevel.obj
 0004:00001980       $pdata$GetLcidFromLangCountry 000000018003a980     libucrt:getqloc_downlevel.obj
 0004:0000198c       $pdata$GetLcidFromLanguage 000000018003a98c     libucrt:getqloc_downlevel.obj
 0004:00001998       $pdata$LangCountryEnumProc 000000018003a998     libucrt:getqloc_downlevel.obj
 0004:000019a4       $pdata$LanguageEnumProc    000000018003a9a4     libucrt:getqloc_downlevel.obj
 0004:000019b0       $pdata$ProcessCodePage     000000018003a9b0     libucrt:getqloc_downlevel.obj
 0004:000019bc       $pdata$TestDefaultLanguage 000000018003a9bc     libucrt:getqloc_downlevel.obj
 0004:000019c8       $pdata$TranslateName       000000018003a9c8     libucrt:getqloc_downlevel.obj
 0004:000019d4       $pdata$__acrt_get_qualified_locale_downlevel 000000018003a9d4     libucrt:getqloc_downlevel.obj
 0004:000019e0       $pdata$?GetTableIndexFromLocaleName@@YAHPEB_W@Z 000000018003a9e0     libucrt:lcidtoname_downlevel.obj
 0004:000019ec       $pdata$__acrt_DownlevelLCIDToLocaleName 000000018003a9ec     libucrt:lcidtoname_downlevel.obj
 0004:000019f8       $pdata$__acrt_DownlevelLocaleNameToLCID 000000018003a9f8     libucrt:lcidtoname_downlevel.obj
 0004:00001a04       $pdata$__acrt_lowio_create_handle_array 000000018003aa04     libucrt:osfinfo.obj
 0004:00001a10       $pdata$__acrt_lowio_destroy_handle_array 000000018003aa10     libucrt:osfinfo.obj
 0004:00001a1c       $pdata$__acrt_lowio_ensure_fh_exists 000000018003aa1c     libucrt:osfinfo.obj
 0004:00001a28       $pdata$_free_osfhnd        000000018003aa28     libucrt:osfinfo.obj
 0004:00001a34       $pdata$_get_osfhandle      000000018003aa34     libucrt:osfinfo.obj
 0004:00001a40       $pdata$_isatty             000000018003aa40     libucrt:isatty.obj
 0004:00001a4c       $pdata$?__mbrtowc_utf8@__crt_mbstring@@YA_KPEA_WPEBD_KPEAU_Mbstatet@@@Z 000000018003aa4c     libucrt:mbrtowc.obj
 0004:00001a58       $pdata$?__mbsrtowcs_utf8@__crt_mbstring@@YA_KPEA_WPEAPEBD_KPEAU_Mbstatet@@@Z 000000018003aa58     libucrt:mbrtowc.obj
 0004:00001a64       $pdata$_putwch_nolock      000000018003aa64     libucrt:putwch.obj
 0004:00001a70       $pdata$?__wcsrtombs_utf8@__crt_mbstring@@YA_KPEADPEAPEB_W_KPEAU_Mbstatet@@@Z 000000018003aa70     libucrt:wcrtomb.obj
 0004:00001a7c       $pdata$strncpy_s           000000018003aa7c     libucrt:strncpy_s.obj
 0004:00001a94       $pdata$?__c32rtomb_utf8@__crt_mbstring@@YA_KPEAD_UPEAU_Mbstatet@@@Z 000000018003aa94     libucrt:c32rtomb.obj
 0004:00001aa0       $pdata$_call_matherr       000000018003aaa0     libucrt:libm_error.obj
 0004:00001aac       $pdata$_exception_enabled  000000018003aaac     libucrt:libm_error.obj
 0004:00001ab8       $pdata$_handle_error       000000018003aab8     libucrt:libm_error.obj
 0004:00001ac4       $pdata$_handle_errorf      000000018003aac4     libucrt:libm_error.obj
 0004:00001ad0       $pdata$_towlower_l         000000018003aad0     libucrt:towlower.obj
 0004:00001adc       $pdata$qsort               000000018003aadc     libucrt:qsort.obj
 0004:00001ae8       $pdata$4$qsort             000000018003aae8     libucrt:qsort.obj
 0004:00001af4       $pdata$5$qsort             000000018003aaf4     libucrt:qsort.obj
 0004:00001b00       $pdata$fallbackMethod      000000018003ab00     libucrt:strpbrk.obj
 0004:00001b0c       $pdata$strpbrk             000000018003ab0c     libucrt:strpbrk.obj
 0004:00001b18       $pdata$_mbsdec_l           000000018003ab18     libucrt:mbsdec.obj
 0004:00001b24       $pdata$?initialize_multibyte@@YAHXZ 000000018003ab24     libucrt:multibyte_initializer.obj
 0004:00001b30       $pdata$_msize_base         000000018003ab30     libucrt:msize.obj
 0004:00001b3c       $pdata$??$common_xtox@K_W@@YAHKQEA_W_KI_N@Z 000000018003ab3c     libucrt:xtoa.obj
 0004:00001b48       $pdata$??$common_xtox_s@K_W@@YAHKQEA_W_KI_N@Z 000000018003ab48     libucrt:xtoa.obj
 0004:00001b54       $pdata$_itow_s             000000018003ab54     libucrt:xtoa.obj
 0004:00001b60       $pdata$_wcsnicmp           000000018003ab60     libucrt:wcsnicmp.obj
 0004:00001b6c       $pdata$_wcsnicmp_l         000000018003ab6c     libucrt:wcsnicmp.obj
 0004:00001b78       $pdata$?__mbrtoc32_utf8@__crt_mbstring@@YA_KPEA_UPEBD_KPEAU_Mbstatet@@@Z 000000018003ab78     libucrt:mbrtoc32.obj
 0004:00001b84       $pdata$__dcrt_lowio_ensure_console_output_initialized 000000018003ab84     libucrt:initcon.obj
 0004:00001b90       $pdata$__dcrt_terminate_console_output 000000018003ab90     libucrt:initcon.obj
 0004:00001b9c       $pdata$__dcrt_write_console 000000018003ab9c     libucrt:initcon.obj
 0004:00001ba8       $pdata$?__c16rtomb_utf8@__crt_mbstring@@YA_KPEAD_SPEAU_Mbstatet@@@Z 000000018003aba8     libucrt:c16rtomb.obj
 0004:00001bc0       $pdata$__acrt_LCMapStringW 000000018003abc0     libucrt:lcmapstringw.obj
 0004:00001bcc       $pdata$_log10_special      000000018003abcc     libucrt:log_special.obj
 0004:00001bd8       $pdata$_log_special_common 000000018003abd8     libucrt:log_special.obj
 0004:00001be4       $pdata$?DloadAcquireSectionWriteAccess@@YAXXZ 000000018003abe4     DelayImp:delayhlp.obj
 0004:00001bf0       $pdata$?DloadGetSRWLockFunctionPointers@@YAEXZ 000000018003abf0     DelayImp:delayhlp.obj
 0004:00001bfc       $pdata$?DloadMakePermanentImageCommit@@YAXPEAX_K@Z 000000018003abfc     DelayImp:delayhlp.obj
 0004:00001c08       $pdata$?DloadObtainSection@@YAPEAXPEAK0@Z 000000018003ac08     DelayImp:delayhlp.obj
 0004:00001c14       $pdata$?DloadProtectSection@@YAXKPEAK@Z 000000018003ac14     DelayImp:delayhlp.obj
 0004:00001c20       $pdata$?DloadReleaseSectionWriteAccess@@YAXXZ 000000018003ac20     DelayImp:delayhlp.obj
 0004:00001c2c       $pdata$__delayLoadHelper2  000000018003ac2c     DelayImp:delayhlp.obj
 0004:00001c38       $pdata$_IsNonwritableInCurrentImage 000000018003ac38     LIBCMT:pesect.obj
 0004:00001c44       $pdata$_local_unwind       000000018003ac44     libvcruntime:jmpuwind.obj
 0004:00001c50       $pdata$wcschr              000000018003ac50     libvcruntime:wcschr.obj
 0004:00001c68       $pdata$?dtor$0@?0???0?$basic_ostream@DU?$char_traits@D@std@@@std@@QEAA@PEAV?$basic_streambuf@DU?$char_traits@D@std@@@1@_N@Z@4HA 000000018003ac68     libcpmt:cout.obj
 0004:00001c74       $pdata$?dtor$0@?0??_Getcat@?$codecvt@DDU_Mbstatet@@@std@@SA_KPEAPEBVfacet@locale@2@PEBV42@@Z@4HA 000000018003ac74     libcpmt:cout.obj
 0004:00001c80       $pdata$?dtor$0@?0???0?$basic_istream@DU?$char_traits@D@std@@@std@@QEAA@PEAV?$basic_streambuf@DU?$char_traits@D@std@@@1@_N@Z@4HA 000000018003ac80     libcpmt:cin.obj
 0004:00001c8c       $pdata$?fin$0@?0??dllmain_crt_process_attach@@YAHQEAUHINSTANCE__@@QEAX@Z@4HA 000000018003ac8c     LIBCMT:dll_dllmain.obj
 0004:00001c98       $pdata$?fin$0@?0??dllmain_crt_process_detach@@YAH_N@Z@4HA 000000018003ac98     LIBCMT:dll_dllmain.obj
 0004:00001ca4       $pdata$?filt$0@?0??dllmain_dispatch@@YAHQEAUHINSTANCE__@@KQEAX@Z@4HA 000000018003aca4     LIBCMT:dll_dllmain.obj
 0004:00001cb0       $pdata$__scrt_is_nonwritable_in_current_image$filt$0 000000018003acb0     LIBCMT:utility.obj
 0004:00001cbc       $pdata$?filt$0@?0???$_CallSETranslator@V__FrameHandler3@@@@YAHPEAUEHExceptionRecord@@PEA_KPEAU_CONTEXT@@PEAU_xDISPATCHER_CONTEXT@@PEBU_s_FuncInfo@@K1@Z@4HA 000000018003acbc     libvcruntime:risctrnsctrl.obj
 0004:00001cc8       $pdata$__DestructExceptionObject$filt$0 000000018003acc8     libvcruntime:ehhelpers.obj
 0004:00001cd4       $pdata$?filt$0@?0??CxxCallCatchBlock@__FrameHandler3@@SAPEAXPEAU_EXCEPTION_RECORD@@@Z@4HA 000000018003acd4     libvcruntime:frame.obj
 0004:00001ce0       $pdata$?fin$1@?0??CxxCallCatchBlock@__FrameHandler3@@SAPEAXPEAU_EXCEPTION_RECORD@@@Z@4HA 000000018003ace0     libvcruntime:frame.obj
 0004:00001cec       $pdata$?filt$0@?0??FrameUnwindToState@__FrameHandler3@@SAXPEA_KPEAU_xDISPATCHER_CONTEXT@@PEBU_s_FuncInfo@@H@Z@4HA 000000018003acec     libvcruntime:frame.obj
 0004:00001cf8       $pdata$?fin$1@?0??FrameUnwindToState@__FrameHandler3@@SAXPEA_KPEAU_xDISPATCHER_CONTEXT@@PEBU_s_FuncInfo@@H@Z@4HA 000000018003acf8     libvcruntime:frame.obj
 0004:00001d04       $pdata$?fin$0@?0???$common_ftell@_J@@YA_JV__crt_stdio_stream@@@Z@4HA 000000018003ad04     libucrt:ftell.obj
 0004:00001d04       $pdata$fclose$fin$0        000000018003ad04     libucrt:fclose.obj
 0004:00001d04       $pdata$?fin$0@?0??common_fseek@@YAHV__crt_stdio_stream@@_JH@Z@4HA 000000018003ad04     libucrt:fseek.obj
 0004:00001d10       $pdata$?fin$0@?0???$?RV<lambda_842d9ff0dc9ef11c61343bbaebe7f885>@@AEAV<lambda_c5860995281e5c4ce005b3de8f5874ee>@@V<lambda_d90129c13df834fdcbf8d2b88dafcf2d>@@@?$__crt_seh_guarded_call@X@@QEAAX$$QEAV<lambda_842d9ff0dc9ef11c61343bbaebe7f885>@@AEAV<lambda_c5860995281e5c4ce005b3de8f5874ee>@@$$QEAV<lambda_d90129c13df834fdcbf8d2b88dafcf2d>@@@Z@4HA 000000018003ad10     libucrt:fflush.obj
 0004:00001d10       $pdata$?fin$0@?0???$?RV<lambda_84ec643ea9557e2f7dc01bb0e9624395>@@AEAV<lambda_ca71763b3c0644891230e4f79ea54fa6>@@V<lambda_439a761618c59b0600e24586724d733b>@@@?$__crt_seh_guarded_call@H@@QEAAH$$QEAV<lambda_84ec643ea9557e2f7dc01bb0e9624395>@@AEAV<lambda_ca71763b3c0644891230e4f79ea54fa6>@@$$QEAV<lambda_439a761618c59b0600e24586724d733b>@@@Z@4HA 000000018003ad10     libucrt:setvbuf.obj
 0004:00001d10       $pdata$?fin$0@?0???$?RV<lambda_bdbcead8b570fa3d5ec6d9679862a6e5>@@AEAV<lambda_96f4279ff90247a4c5c5d9824f56f8c1>@@V<lambda_4606be27f17b5e5579e09050fab91818>@@@?$__crt_seh_guarded_call@_K@@QEAA_K$$QEAV<lambda_bdbcead8b570fa3d5ec6d9679862a6e5>@@AEAV<lambda_96f4279ff90247a4c5c5d9824f56f8c1>@@$$QEAV<lambda_4606be27f17b5e5579e09050fab91818>@@@Z@4HA 000000018003ad10     libucrt:fwrite.obj
 0004:00001d10       $pdata$?fin$0@?0???$?RV<lambda_c376a267cfb53b6959b3b692ec76b120>@@AEAV<lambda_9a32fed5bf61b6b509b2d3f6003082a1>@@V<lambda_572fbb9fa0ab338edf41edfd4b5fcc8d>@@@?$__crt_seh_guarded_call@H@@QEAAH$$QEAV<lambda_c376a267cfb53b6959b3b692ec76b120>@@AEAV<lambda_9a32fed5bf61b6b509b2d3f6003082a1>@@$$QEAV<lambda_572fbb9fa0ab338edf41edfd4b5fcc8d>@@@Z@4HA 000000018003ad10     libucrt:fflush.obj
 0004:00001d1c       $pdata$?fin$0@?0???$?RV<lambda_886d6c58226a84441f68b9f2b8217b83>@@AEAV<lambda_ab61a845afdef5b7c387490eaf3616ee>@@V<lambda_f7f22ab5edc0698d5f6905b0d3f44752>@@@?$__crt_seh_guarded_call@X@@QEAAX$$QEAV<lambda_886d6c58226a84441f68b9f2b8217b83>@@AEAV<lambda_ab61a845afdef5b7c387490eaf3616ee>@@$$QEAV<lambda_f7f22ab5edc0698d5f6905b0d3f44752>@@@Z@4HA 000000018003ad1c     libucrt:fflush.obj
 0004:00001d28       $pdata$fgetc$fin$0         000000018003ad28     libucrt:fgetc.obj
 0004:00001d34       $pdata$fputc$fin$0         000000018003ad34     libucrt:fputc.obj
 0004:00001d40       $pdata$fread_s$fin$0       000000018003ad40     libucrt:fread.obj
 0004:00001d4c       $pdata$ungetc$fin$0        000000018003ad4c     libucrt:ungetc.obj
 0004:00001d58       $pdata$?fin$0@?0???$?RV<lambda_2d41944a1d46af3157314b8a01080d33>@@AEAV<lambda_8f455de75cd7d7f24b4096f044d8b9e6>@@V<lambda_aa500f224e6afead328df44964fe2772>@@@?$__crt_seh_guarded_call@X@@QEAAX$$QEAV<lambda_2d41944a1d46af3157314b8a01080d33>@@AEAV<lambda_8f455de75cd7d7f24b4096f044d8b9e6>@@$$QEAV<lambda_aa500f224e6afead328df44964fe2772>@@@Z@4HA 000000018003ad58     libucrt:per_thread_data.obj
 0004:00001d58       $pdata$?fin$0@?0???$?RV<lambda_f2e299630e499de9f9a165e60fcd3db5>@@AEAV<lambda_2ae9d31cdba2644fcbeaf08da7c24588>@@V<lambda_40d01ff24d0e7b3814fdbdcee8eab3c7>@@@?$__crt_seh_guarded_call@X@@QEAAX$$QEAV<lambda_f2e299630e499de9f9a165e60fcd3db5>@@AEAV<lambda_2ae9d31cdba2644fcbeaf08da7c24588>@@$$QEAV<lambda_40d01ff24d0e7b3814fdbdcee8eab3c7>@@@Z@4HA 000000018003ad58     libucrt:per_thread_data.obj
 0004:00001d58       $pdata$?fin$0@?0???$?RV<lambda_7777bce6b2f8c936911f934f8298dc43>@@AEAV<lambda_f03950bc5685219e0bcd2087efbe011e>@@V<lambda_3883c3dff614d5e0c5f61bb1ac94921c>@@@?$__crt_seh_guarded_call@H@@QEAAH$$QEAV<lambda_7777bce6b2f8c936911f934f8298dc43>@@AEAV<lambda_f03950bc5685219e0bcd2087efbe011e>@@$$QEAV<lambda_3883c3dff614d5e0c5f61bb1ac94921c>@@@Z@4HA 000000018003ad58     libucrt:onexit.obj
 0004:00001d58       $pdata$?fin$0@?0???$?RV<lambda_638799b9deba96c50f710eeac98168cd>@@AEAV<lambda_22ebabd17bc4fa466a2aca6d8deb888d>@@V<lambda_a6f7d7db0129f75315ebf26d50c089f1>@@@?$__crt_seh_guarded_call@H@@QEAAH$$QEAV<lambda_638799b9deba96c50f710eeac98168cd>@@AEAV<lambda_22ebabd17bc4fa466a2aca6d8deb888d>@@$$QEAV<lambda_a6f7d7db0129f75315ebf26d50c089f1>@@@Z@4HA 000000018003ad58     libucrt:onexit.obj
 0004:00001d58       $pdata$?fin$0@?0???$?RV<lambda_0ae27a3a962d80f24befdcbee591983d>@@AEAV<lambda_8d0ee55de4b1038c4002e0adecdf1839>@@V<lambda_dc504788e8f1664fe9b84e20bfb512f2>@@@?$__crt_seh_guarded_call@X@@QEAAX$$QEAV<lambda_0ae27a3a962d80f24befdcbee591983d>@@AEAV<lambda_8d0ee55de4b1038c4002e0adecdf1839>@@$$QEAV<lambda_dc504788e8f1664fe9b84e20bfb512f2>@@@Z@4HA 000000018003ad58     libucrt:per_thread_data.obj
 0004:00001d58       $pdata$?fin$0@?0???$?RV<lambda_d80eeec6fff315bfe5c115232f3240e3>@@AEAV<lambda_6e4b09c48022b2350581041d5f6b0c4c>@@V<lambda_2358e3775559c9db80273638284d5e45>@@@?$__crt_seh_guarded_call@X@@QEAAX$$QEAV<lambda_d80eeec6fff315bfe5c115232f3240e3>@@AEAV<lambda_6e4b09c48022b2350581041d5f6b0c4c>@@$$QEAV<lambda_2358e3775559c9db80273638284d5e45>@@@Z@4HA 000000018003ad58     libucrt:exit.obj
 0004:00001d58       $pdata$?fin$0@?0???$?RV<lambda_efdfa57d1f175319df784efa44bb7b81>@@AEAV<lambda_5f0a4c1567f8adc6734073e5d1e1b35c>@@V<lambda_2e8a7d3640ea6ccb4c2413664c2db6fd>@@@?$__crt_seh_guarded_call@X@@QEAAX$$QEAV<lambda_efdfa57d1f175319df784efa44bb7b81>@@AEAV<lambda_5f0a4c1567f8adc6734073e5d1e1b35c>@@$$QEAV<lambda_2e8a7d3640ea6ccb4c2413664c2db6fd>@@@Z@4HA 000000018003ad58     libucrt:mbctype.obj
 0004:00001d58       $pdata$?fin$0@?0???$?RV<lambda_bd00b5aa228bd7e7e5b2b5db5fd2933b>@@AEAV<lambda_777d11615145f89ee95b9466d285deeb>@@V<lambda_6e5e48fbd24f9f8f81b203eb3d877683>@@@?$__crt_seh_guarded_call@H@@QEAAH$$QEAV<lambda_bd00b5aa228bd7e7e5b2b5db5fd2933b>@@AEAV<lambda_777d11615145f89ee95b9466d285deeb>@@$$QEAV<lambda_6e5e48fbd24f9f8f81b203eb3d877683>@@@Z@4HA 000000018003ad58     libucrt:winapi_thunks.obj
 0004:00001d58       $pdata$?fin$0@?0???$?RV<lambda_1d892b297fdedeee07ed8124eeb2f2fa>@@AEAV<lambda_ffc046909424fd52df0ac47e64813305>@@V<lambda_01a7098693036236037e7cdb9bca3d73>@@@?$__crt_seh_guarded_call@X@@QEAAX$$QEAV<lambda_1d892b297fdedeee07ed8124eeb2f2fa>@@AEAV<lambda_ffc046909424fd52df0ac47e64813305>@@$$QEAV<lambda_01a7098693036236037e7cdb9bca3d73>@@@Z@4HA 000000018003ad58     libucrt:wsetlocale.obj
 0004:00001d58       $pdata$?fin$0@?0???$?RV<lambda_9bd929c17696992ce54f1d748594fc62>@@AEAV<lambda_082c17da81b0962e08c0587ee0fac50c>@@V<lambda_9c08ac857f4975304d44e9f601d9b878>@@@?$__crt_seh_guarded_call@PEAD@@QEAAPEAD$$QEAV<lambda_9bd929c17696992ce54f1d748594fc62>@@AEAV<lambda_082c17da81b0962e08c0587ee0fac50c>@@$$QEAV<lambda_9c08ac857f4975304d44e9f601d9b878>@@@Z@4HA 000000018003ad58     libucrt:setlocale.obj
 0004:00001d58       $pdata$?fin$0@?0???$?RV<lambda_aa87e3671a710a21b5dc78c0bdf72e11>@@AEAV<lambda_92619d2358a28f41a33ba319515a20b9>@@V<lambda_6992ecaafeb10aed2b74cb1fae11a551>@@@?$__crt_seh_guarded_call@X@@QEAAX$$QEAV<lambda_aa87e3671a710a21b5dc78c0bdf72e11>@@AEAV<lambda_92619d2358a28f41a33ba319515a20b9>@@$$QEAV<lambda_6992ecaafeb10aed2b74cb1fae11a551>@@@Z@4HA 000000018003ad58     libucrt:per_thread_data.obj
 0004:00001d58       $pdata$?fin$0@?0???$?RV<lambda_450d765d439847d4c735a33c368b5fc0>@@AEAV<lambda_44731a7d0e6d81c3e6aa82d741081786>@@V<lambda_601a2a7da3b7a96e9554ac7215c4b07c>@@@?$__crt_seh_guarded_call@P6AXH@Z@@QEAAP6AXH@Z$$QEAV<lambda_450d765d439847d4c735a33c368b5fc0>@@AEAV<lambda_44731a7d0e6d81c3e6aa82d741081786>@@$$QEAV<lambda_601a2a7da3b7a96e9554ac7215c4b07c>@@@Z@4HA 000000018003ad58     libucrt:signal.obj
 0004:00001d64       $pdata$_query_new_handler$fin$0 000000018003ad64     libucrt:new_handler.obj
 0004:00001d70       $pdata$?filt$0@?0???R<lambda_6e4b09c48022b2350581041d5f6b0c4c>@@QEBA@XZ@4HA 000000018003ad70     libucrt:exit.obj
 0004:00001d7c       $pdata$raise$fin$0         000000018003ad7c     libucrt:signal.obj
 0004:00001d88       $pdata$?fin$0@?0???$?RV<lambda_410d79af7f07d98d83a3f525b3859a53>@@AEAV<lambda_3e16ef9562a7dcce91392c22ab16ea36>@@V<lambda_38119f0e861e05405d8a144b9b982f0a>@@@?$__crt_seh_guarded_call@X@@QEAAX$$QEAV<lambda_410d79af7f07d98d83a3f525b3859a53>@@AEAV<lambda_3e16ef9562a7dcce91392c22ab16ea36>@@$$QEAV<lambda_38119f0e861e05405d8a144b9b982f0a>@@@Z@4HA 000000018003ad88     libucrt:wsetlocale.obj
 0004:00001d94       $pdata$?fin$0@?0???$?RV<lambda_7f2adfce497ff2baa965cd4f576ecfd1>@@AEAV<lambda_2a444430fde8c29194d880d93eed5e8f>@@AEAV<lambda_8dff2cf36a5417162780cd64fa2883ef>@@@?$__crt_seh_guarded_call@X@@QEAAX$$QEAV<lambda_7f2adfce497ff2baa965cd4f576ecfd1>@@AEAV<lambda_2a444430fde8c29194d880d93eed5e8f>@@AEAV<lambda_8dff2cf36a5417162780cd64fa2883ef>@@@Z@4HA 000000018003ad94     libucrt:wsetlocale.obj
 0004:00001da0       $pdata$_fcloseall$fin$0    000000018003ada0     libucrt:closeall.obj
 0004:00001dac       $pdata$__acrt_lowio_ensure_fh_exists$fin$0 000000018003adac     libucrt:osfinfo.obj
 0004:00001dac       $pdata$__acrt_initialize_lowio$fin$0 000000018003adac     libucrt:ioinit.obj
 0004:00001db8       $pdata$?fin$0@?0???$?RV<lambda_a37b2b86f63e897a80ea819b0eb08c01>@@AEAV<lambda_38ce7e780aa69e748d6df282ebc68efe>@@V<lambda_99fb1378e971ab6e7edea83e3a7a83a2>@@@?$__crt_seh_guarded_call@H@@QEAAH$$QEAV<lambda_a37b2b86f63e897a80ea819b0eb08c01>@@AEAV<lambda_38ce7e780aa69e748d6df282ebc68efe>@@$$QEAV<lambda_99fb1378e971ab6e7edea83e3a7a83a2>@@@Z@4HA 000000018003adb8     libucrt:commit.obj
 0004:00001db8       $pdata$?fin$0@?0???$?RV<lambda_751a882b2c74d4b022dec766aa51a29a>@@AEAV<lambda_628dfdc04ba53c8bfc02c9951375f3f5>@@V<lambda_f6c7be5f7998530c34de24c7437d6b54>@@@?$__crt_seh_guarded_call@H@@QEAAH$$QEAV<lambda_751a882b2c74d4b022dec766aa51a29a>@@AEAV<lambda_628dfdc04ba53c8bfc02c9951375f3f5>@@$$QEAV<lambda_f6c7be5f7998530c34de24c7437d6b54>@@@Z@4HA 000000018003adb8     libucrt:close.obj
 0004:00001dc4       $pdata$_write$fin$0        000000018003adc4     libucrt:write.obj
 0004:00001dc4       $pdata$?fin$0@?0???$common_lseek@_J@@YA_JH_JH@Z@4HA 000000018003adc4     libucrt:lseek.obj
 0004:00001dd0       $pdata$_read$fin$0         000000018003add0     libucrt:read.obj
 0004:00001ddc       $pdata$_ctrlfp$filt$0      000000018003addc     libucrt:fpctrl.obj
 0004:00001de8       $pdata$?fin$0@?0??update_thread_multibyte_data_internal@@YAPEAU__crt_multibyte_data@@QEAU__acrt_ptd@@QEAPEAU1@@Z@4HA 000000018003ade8     libucrt:mbctype.obj
 0004:00001df4       $pdata$__acrt_update_thread_locale_data$fin$0 000000018003adf4     libucrt:locale_refcounting.obj
 0004:00001e00       $pdata$_IsNonwritableInCurrentImage$filt$0 000000018003ae00     LIBCMT:pesect.obj
 0004:00001e0c       $pdata$??__Fcout@std@@YAXXZ 000000018003ae0c     libcpmt:cout.obj
 0004:00001e18       $pdata$??__Fclassic_locale@std@@YAXXZ 000000018003ae18     libcpmt:locale0.obj
 0004:00001e24       $pdata$??__Fcin@std@@YAXXZ 000000018003ae24     libcpmt:cin.obj
 0004:00001e30       $pdata$??__Finit_atexit@@YAXXZ 000000018003ae30     libcpmt:iosptrs.obj
 0005:00000060       $R000000                   000000018003b060     * linker generated manifest res *

 Exports

  ordinal    name

        1    _register_testaddon_
